Archive member included to satisfy reference by file (symbol)

C:/ST/STM32CubeIDE_1.10.1/STM32CubeIDE/plugins/com.st.stm32cube.ide.mcu.externaltools.gnu-tools-for-stm32.11.3.rel1.win32_1.1.0.202305231506/tools/bin/../lib/gcc/arm-none-eabi/11.3.1/../../../../arm-none-eabi/lib/thumb/v7-m/nofp\libc_nano.a(libc_a-exit.o)
                              C:/ST/STM32CubeIDE_1.10.1/STM32CubeIDE/plugins/com.st.stm32cube.ide.mcu.externaltools.gnu-tools-for-stm32.11.3.rel1.win32_1.1.0.202305231506/tools/bin/../lib/gcc/arm-none-eabi/11.3.1/../../../../arm-none-eabi/lib/thumb/v7-m/nofp/crt0.o (exit)
C:/ST/STM32CubeIDE_1.10.1/STM32CubeIDE/plugins/com.st.stm32cube.ide.mcu.externaltools.gnu-tools-for-stm32.11.3.rel1.win32_1.1.0.202305231506/tools/bin/../lib/gcc/arm-none-eabi/11.3.1/../../../../arm-none-eabi/lib/thumb/v7-m/nofp\libc_nano.a(libc_a-malloc.o)
                              ./APP/cJSON.o (malloc)
C:/ST/STM32CubeIDE_1.10.1/STM32CubeIDE/plugins/com.st.stm32cube.ide.mcu.externaltools.gnu-tools-for-stm32.11.3.rel1.win32_1.1.0.202305231506/tools/bin/../lib/gcc/arm-none-eabi/11.3.1/../../../../arm-none-eabi/lib/thumb/v7-m/nofp\libc_nano.a(libc_a-mallocr.o)
                              C:/ST/STM32CubeIDE_1.10.1/STM32CubeIDE/plugins/com.st.stm32cube.ide.mcu.externaltools.gnu-tools-for-stm32.11.3.rel1.win32_1.1.0.202305231506/tools/bin/../lib/gcc/arm-none-eabi/11.3.1/../../../../arm-none-eabi/lib/thumb/v7-m/nofp\libc_nano.a(libc_a-malloc.o) (_malloc_r)
C:/ST/STM32CubeIDE_1.10.1/STM32CubeIDE/plugins/com.st.stm32cube.ide.mcu.externaltools.gnu-tools-for-stm32.11.3.rel1.win32_1.1.0.202305231506/tools/bin/../lib/gcc/arm-none-eabi/11.3.1/../../../../arm-none-eabi/lib/thumb/v7-m/nofp\libc_nano.a(libc_a-mlock.o)
                              C:/ST/STM32CubeIDE_1.10.1/STM32CubeIDE/plugins/com.st.stm32cube.ide.mcu.externaltools.gnu-tools-for-stm32.11.3.rel1.win32_1.1.0.202305231506/tools/bin/../lib/gcc/arm-none-eabi/11.3.1/../../../../arm-none-eabi/lib/thumb/v7-m/nofp\libc_nano.a(libc_a-mallocr.o) (__malloc_lock)
C:/ST/STM32CubeIDE_1.10.1/STM32CubeIDE/plugins/com.st.stm32cube.ide.mcu.externaltools.gnu-tools-for-stm32.11.3.rel1.win32_1.1.0.202305231506/tools/bin/../lib/gcc/arm-none-eabi/11.3.1/../../../../arm-none-eabi/lib/thumb/v7-m/nofp\libc_nano.a(libc_a-realloc.o)
                              ./APP/cJSON.o (realloc)
C:/ST/STM32CubeIDE_1.10.1/STM32CubeIDE/plugins/com.st.stm32cube.ide.mcu.externaltools.gnu-tools-for-stm32.11.3.rel1.win32_1.1.0.202305231506/tools/bin/../lib/gcc/arm-none-eabi/11.3.1/../../../../arm-none-eabi/lib/thumb/v7-m/nofp\libc_nano.a(libc_a-reallocr.o)
                              C:/ST/STM32CubeIDE_1.10.1/STM32CubeIDE/plugins/com.st.stm32cube.ide.mcu.externaltools.gnu-tools-for-stm32.11.3.rel1.win32_1.1.0.202305231506/tools/bin/../lib/gcc/arm-none-eabi/11.3.1/../../../../arm-none-eabi/lib/thumb/v7-m/nofp\libc_nano.a(libc_a-realloc.o) (_realloc_r)
C:/ST/STM32CubeIDE_1.10.1/STM32CubeIDE/plugins/com.st.stm32cube.ide.mcu.externaltools.gnu-tools-for-stm32.11.3.rel1.win32_1.1.0.202305231506/tools/bin/../lib/gcc/arm-none-eabi/11.3.1/../../../../arm-none-eabi/lib/thumb/v7-m/nofp\libc_nano.a(libc_a-strtod.o)
                              ./APP/cJSON.o (strtod)
C:/ST/STM32CubeIDE_1.10.1/STM32CubeIDE/plugins/com.st.stm32cube.ide.mcu.externaltools.gnu-tools-for-stm32.11.3.rel1.win32_1.1.0.202305231506/tools/bin/../lib/gcc/arm-none-eabi/11.3.1/../../../../arm-none-eabi/lib/thumb/v7-m/nofp\libc_nano.a(libc_a-ctype_.o)
                              ./APP/cJSON.o (_ctype_)
C:/ST/STM32CubeIDE_1.10.1/STM32CubeIDE/plugins/com.st.stm32cube.ide.mcu.externaltools.gnu-tools-for-stm32.11.3.rel1.win32_1.1.0.202305231506/tools/bin/../lib/gcc/arm-none-eabi/11.3.1/../../../../arm-none-eabi/lib/thumb/v7-m/nofp\libc_nano.a(libc_a-findfp.o)
                              ./Middlewares/Third_Party/FreeRTOS/Source/tasks.o (__sf)
C:/ST/STM32CubeIDE_1.10.1/STM32CubeIDE/plugins/com.st.stm32cube.ide.mcu.externaltools.gnu-tools-for-stm32.11.3.rel1.win32_1.1.0.202305231506/tools/bin/../lib/gcc/arm-none-eabi/11.3.1/../../../../arm-none-eabi/lib/thumb/v7-m/nofp\libc_nano.a(libc_a-fwalk.o)
                              C:/ST/STM32CubeIDE_1.10.1/STM32CubeIDE/plugins/com.st.stm32cube.ide.mcu.externaltools.gnu-tools-for-stm32.11.3.rel1.win32_1.1.0.202305231506/tools/bin/../lib/gcc/arm-none-eabi/11.3.1/../../../../arm-none-eabi/lib/thumb/v7-m/nofp\libc_nano.a(libc_a-findfp.o) (_fwalk_sglue)
C:/ST/STM32CubeIDE_1.10.1/STM32CubeIDE/plugins/com.st.stm32cube.ide.mcu.externaltools.gnu-tools-for-stm32.11.3.rel1.win32_1.1.0.202305231506/tools/bin/../lib/gcc/arm-none-eabi/11.3.1/../../../../arm-none-eabi/lib/thumb/v7-m/nofp\libc_nano.a(libc_a-printf.o)
                              ./APP/debug.o (printf)
[...]
Memory Configuration

Name             Origin             Length             Attributes
RAM              0x0000000020000000 0x000000000000c000 xrw
FLASH            0x0000000008000000 0x0000000000040000 xr
*default*        0x0000000000000000 0xffffffffffffffff

Linker script and memory map

LOAD C:/ST/STM32CubeIDE_1.10.1/STM32CubeIDE/plugins/com.st.stm32cube.ide.mcu.externaltools.gnu-tools-for-stm32.11.3.rel1.win32_1.1.0.202305231506/tools/bin/../lib/gcc/arm-none-eabi/11.3.1/thumb/v7-m/nofp/crti.o
LOAD C:/ST/STM32CubeIDE_1.10.1/STM32CubeIDE/plugins/com.st.stm32cube.ide.mcu.externaltools.gnu-tools-for-stm32.11.3.rel1.win32_1.1.0.202305231506/tools/bin/../lib/gcc/arm-none-eabi/11.3.1/thumb/v7-m/nofp/crtbegin.o
LOAD C:/ST/STM32CubeIDE_1.10.1/STM32CubeIDE/plugins/com.st.stm32cube.ide.mcu.externaltools.gnu-tools-for-stm32.11.3.rel1.win32_1.1.0.202305231506/tools/bin/../lib/gcc/arm-none-eabi/11.3.1/../../../../arm-none-eabi/lib/thumb/v7-m/nofp/crt0.o
LOAD ./APP/app_bat.o
LOAD ./APP/app_math.o
LOAD ./APP/app_motion.o
LOAD ./APP/app_pid.o
LOAD ./APP/cJSON.o
LOAD ./APP/debug.o
LOAD ./APP/protocol.o
LOAD ./BSP/bsp_encoder.o
LOAD ./BSP/bsp_motor.o
LOAD ./BSP/bsp_mpu9250.o
LOAD ./BSP/bsp_mpuiic.o
LOAD ./BSP/bsp_usart.o
LOAD ./Core/Src/freertos.o
LOAD ./Core/Src/main.o
LOAD ./Core/Src/stm32f1xx_hal_msp.o
LOAD ./Core/Src/stm32f1xx_hal_timebase_tim.o
LOAD ./Core/Src/stm32f1xx_it.o
LOAD ./Core/Src/syscalls.o
LOAD ./Core/Src/sysmem.o
LOAD ./Core/Src/system_stm32f1xx.o
LOAD ./Core/Startup/startup_stm32f103rctx.o
LOAD ./Drivers/STM32F1xx_HAL_Driver/Src/stm32f1xx_hal.o
LOAD ./Drivers/STM32F1xx_HAL_Driver/Src/stm32f1xx_hal_adc.o
LOAD ./Drivers/STM32F1xx_HAL_Driver/Src/stm32f1xx_hal_adc_ex.o
LOAD ./Drivers/STM32F1xx_HAL_Driver/Src/stm32f1xx_hal_cortex.o
LOAD ./Drivers/STM32F1xx_HAL_Driver/Src/stm32f1xx_hal_dma.o
LOAD ./Drivers/STM32F1xx_HAL_Driver/Src/stm32f1xx_hal_exti.o
LOAD ./Drivers/STM32F1xx_HAL_Driver/Src/stm32f1xx_hal_flash.o
LOAD ./Drivers/STM32F1xx_HAL_Driver/Src/stm32f1xx_hal_flash_ex.o
LOAD ./Drivers/STM32F1xx_HAL_Driver/Src/stm32f1xx_hal_gpio.o
LOAD ./Drivers/STM32F1xx_HAL_Driver/Src/stm32f1xx_hal_gpio_ex.o
LOAD ./Drivers/STM32F1xx_HAL_Driver/Src/stm32f1xx_hal_pwr.o
LOAD ./Drivers/STM32F1xx_HAL_Driver/Src/stm32f1xx_hal_rcc.o
LOAD ./Drivers/STM32F1xx_HAL_Driver/Src/stm32f1xx_hal_rcc_ex.o
LOAD ./Drivers/STM32F1xx_HAL_Driver/Src/stm32f1xx_hal_tim.o
LOAD ./Drivers/STM32F1xx_HAL_Driver/Src/stm32f1xx_hal_tim_ex.o
LOAD ./Drivers/STM32F1xx_HAL_Driver/Src/stm32f1xx_hal_uart.o
LOAD ./EMPL/inv_mpu.o
LOAD ./EMPL/inv_mpu_dmp_motion_driver.o
LOAD ./Middlewares/Third_Party/FreeRTOS/Source/CMSIS_RTOS_V2/cmsis_os2.o
LOAD ./Middlewares/Third_Party/FreeRTOS/Source/croutine.o
LOAD ./Middlewares/Third_Party/FreeRTOS/Source/event_groups.o
LOAD ./Middlewares/Third_Party/FreeRTOS/Source/list.o
LOAD ./Middlewares/Third_Party/FreeRTOS/Source/queue.o
LOAD ./Middlewares/Third_Party/FreeRTOS/Source/stream_buffer.o
LOAD ./Middlewares/Third_Party/FreeRTOS/Source/tasks.o
LOAD ./Middlewares/Third_Party/FreeRTOS/Source/timers.o
LOAD ./Middlewares/Third_Party/FreeRTOS/Source/portable/GCC/ARM_CM3/port.o
LOAD ./Middlewares/Third_Party/FreeRTOS/Source/portable/MemMang/heap_4.o
START GROUP
LOAD C:/ST/STM32CubeIDE_1.10.1/STM32CubeIDE/plugins/com.st.stm32cube.ide.mcu.externaltools.gnu-tools-for-stm32.11.3.rel1.win32_1.1.0.202305231506/tools/bin/../lib/gcc/arm-none-eabi/11.3.1/../../../../arm-none-eabi/lib/thumb/v7-m/nofp\libc_nano.a
LOAD C:/ST/STM32CubeIDE_1.10.1/STM32CubeIDE/plugins/com.st.stm32cube.ide.mcu.externaltools.gnu-tools-for-stm32.11.3.rel1.win32_1.1.0.202305231506/tools/bin/../lib/gcc/arm-none-eabi/11.3.1/../../../../arm-none-eabi/lib/thumb/v7-m/nofp\libm.a
END GROUP
START GROUP
LOAD C:/ST/STM32CubeIDE_1.10.1/STM32CubeIDE/plugins/com.st.stm32cube.ide.mcu.externaltools.gnu-tools-for-stm32.11.3.rel1.win32_1.1.0.202305231506/tools/bin/../lib/gcc/arm-none-eabi/11.3.1/thumb/v7-m/nofp\libgcc.a
LOAD C:/ST/STM32CubeIDE_1.10.1/STM32CubeIDE/plugins/com.st.stm32cube.ide.mcu.externaltools.gnu-tools-for-stm32.11.3.rel1.win32_1.1.0.202305231506/tools/bin/../lib/gcc/arm-none-eabi/11.3.1/../../../../arm-none-eabi/lib/thumb/v7-m/nofp\libc_nano.a
END GROUP
START GROUP
LOAD C:/ST/STM32CubeIDE_1.10.1/STM32CubeIDE/plugins/com.st.stm32cube.ide.mcu.externaltools.gnu-tools-for-stm32.11.3.rel1.win32_1.1.0.202305231506/tools/bin/../lib/gcc/arm-none-eabi/11.3.1/thumb/v7-m/nofp\libgcc.a
LOAD C:/ST/STM32CubeIDE_1.10.1/STM32CubeIDE/plugins/com.st.stm32cube.ide.mcu.externaltools.gnu-tools-for-stm32.11.3.rel1.win32_1.1.0.202305231506/tools/bin/../lib/gcc/arm-none-eabi/11.3.1/../../../../arm-none-eabi/lib/thumb/v7-m/nofp\libc_nano.a
LOAD C:/ST/STM32CubeIDE_1.10.1/STM32CubeIDE/plugins/com.st.stm32cube.ide.mcu.externaltools.gnu-tools-for-stm32.11.3.rel1.win32_1.1.0.202305231506/tools/bin/../lib/gcc/arm-none-eabi/11.3.1/../../../../arm-none-eabi/lib/thumb/v7-m/nofp\libnosys.a
END GROUP
START GROUP
LOAD C:/ST/STM32CubeIDE_1.10.1/STM32CubeIDE/plugins/com.st.stm32cube.ide.mcu.externaltools.gnu-tools-for-stm32.11.3.rel1.win32_1.1.0.202305231506/tools/bin/../lib/gcc/arm-none-eabi/11.3.1/thumb/v7-m/nofp\libgcc.a
LOAD C:/ST/STM32CubeIDE_1.10.1/STM32CubeIDE/plugins/com.st.stm32cube.ide.mcu.externaltools.gnu-tools-for-stm32.11.3.rel1.win32_1.1.0.202305231506/tools/bin/../lib/gcc/arm-none-eabi/11.3.1/../../../../arm-none-eabi/lib/thumb/v7-m/nofp\libc_nano.a
LOAD C:/ST/STM32CubeIDE_1.10.1/STM32CubeIDE/plugins/com.st.stm32cube.ide.mcu.externaltools.gnu-tools-for-stm32.11.3.rel1.win32_1.1.0.202305231506/tools/bin/../lib/gcc/arm-none-eabi/11.3.1/../../../../arm-none-eabi/lib/thumb/v7-m/nofp\libnosys.a
END GROUP
LOAD C:/ST/STM32CubeIDE_1.10.1/STM32CubeIDE/plugins/com.st.stm32cube.ide.mcu.externaltools.gnu-tools-for-stm32.11.3.rel1.win32_1.1.0.202305231506/tools/bin/../lib/gcc/arm-none-eabi/11.3.1/thumb/v7-m/nofp/crtend.o
LOAD C:/ST/STM32CubeIDE_1.10.1/STM32CubeIDE/plugins/com.st.stm32cube.ide.mcu.externaltools.gnu-tools-for-stm32.11.3.rel1.win32_1.1.0.202305231506/tools/bin/../lib/gcc/arm-none-eabi/11.3.1/thumb/v7-m/nofp/crtn.o
                0x000000002000c000                _estack = (ORIGIN (RAM) + LENGTH (RAM))
                0x0000000000000200                _Min_Heap_Size = 0x200
                0x0000000000000400                _Min_Stack_Size = 0x400

.isr_vector     0x0000000008000000      0x1e4
                0x0000000008000000                . = ALIGN (0x4)
 *(.isr_vector)
 .isr_vector    0x0000000008000000      0x1e4 ./Core/Startup/startup_stm32f103rctx.o
                0x0000000008000000                g_pfnVectors
                0x00000000080001e4                . = ALIGN (0x4)

.text           0x00000000080001f0     0xf620
                0x00000000080001f0                . = ALIGN (0x4)
 *(.text)
 .text          0x00000000080001f0       0x40 C:/ST/STM32CubeIDE_1.10.1/STM32CubeIDE/plugins/com.st.stm32cube.ide.mcu.externaltools.gnu-tools-for-stm32.11.3.rel1.win32_1.1.0.202305231506/tools/bin/../lib/gcc/arm-none-eabi/11.3.1/thumb/v7-m/nofp/crtbegin.o
 .text          0x0000000008000230       0x14 C:/ST/STM32CubeIDE_1.10.1/STM32CubeIDE/plugins/com.st.stm32cube.ide.mcu.externaltools.gnu-tools-for-stm32.11.3.rel1.win32_1.1.0.202305231506/tools/bin/../lib/gcc/arm-none-eabi/11.3.1/../../../../arm-none-eabi/lib/thumb/v7-m/nofp\libc_nano.a(libc_a-strcmp.o)
                0x0000000008000230                strcmp
 .text          0x0000000008000244       0x10 C:/ST/STM32CubeIDE_1.10.1/STM32CubeIDE/plugins/com.st.stm32cube.ide.mcu.externaltools.gnu-tools-for-stm32.11.3.rel1.win32_1.1.0.202305231506/tools/bin/../lib/gcc/arm-none-eabi/11.3.1/../../../../arm-none-eabi/lib/thumb/v7-m/nofp\libc_nano.a(libc_a-strlen.o)
                0x0000000008000244                strlen
 .text          0x0000000008000254      0x378 C:/ST/STM32CubeIDE_1.10.1/STM32CubeIDE/plugins/com.st.stm32cube.ide.mcu.externaltools.gnu-tools-for-stm32.11.3.rel1.win32_1.1.0.202305231506/tools/bin/../lib/gcc/arm-none-eabi/11.3.1/thumb/v7-m/nofp\libgcc.a(_arm_addsubdf3.o)
                0x0000000008000254                __aeabi_drsub
                0x000000000800025c                __aeabi_dsub
                0x000000000800025c                __subdf3
                0x0000000008000260                __aeabi_dadd
                0x0000000008000260                __adddf3
                0x00000000080004d8                __floatunsidf
                0x00000000080004d8                __aeabi_ui2d
                0x00000000080004f8                __floatsidf
                0x00000000080004f8                __aeabi_i2d
                0x000000000800051c                __aeabi_f2d
                0x000000000800051c                __extendsfdf2
                0x0000000008000560                __floatundidf
                0x0000000008000560                __aeabi_ul2d
                0x0000000008000570                __floatdidf
                0x0000000008000570                __aeabi_l2d
 .text          0x00000000080005cc      0x424 C:/ST/STM32CubeIDE_1.10.1/STM32CubeIDE/plugins/com.st.stm32cube.ide.mcu.externaltools.gnu-tools-for-stm32.11.3.rel1.win32_1.1.0.202305231506/tools/bin/../lib/gcc/arm-none-eabi/11.3.1/thumb/v7-m/nofp\libgcc.a(_arm_muldivdf3.o)
                0x00000000080005cc                __aeabi_dmul
                0x00000000080005cc                __muldf3
                0x0000000008000820                __divdf3
                0x0000000008000820                __aeabi_ddiv
 .text          0x00000000080009f0      0x110 C:/ST/STM32CubeIDE_1.10.1/STM32CubeIDE/plugins/com.st.stm32cube.ide.mcu.externaltools.gnu-tools-for-stm32.11.3.rel1.win32_1.1.0.202305231506/tools/bin/../lib/gcc/arm-none-eabi/11.3.1/thumb/v7-m/nofp\libgcc.a(_arm_cmpdf2.o)
                0x00000000080009f0                __gtdf2
                0x00000000080009f0                __gedf2
                0x00000000080009f8                __ltdf2
                0x00000000080009f8                __ledf2
                0x0000000008000a00                __nedf2
                0x0000000008000a00                __eqdf2
                0x0000000008000a00                __cmpdf2
                0x0000000008000a7c                __aeabi_cdrcmple
                0x0000000008000a8c                __aeabi_cdcmpeq
                0x0000000008000a8c                __aeabi_cdcmple
                0x0000000008000a9c                __aeabi_dcmpeq
                0x0000000008000ab0                __aeabi_dcmplt
                0x0000000008000ac4                __aeabi_dcmple
                0x0000000008000ad8                __aeabi_dcmpge
                0x0000000008000aec                __aeabi_dcmpgt
 .text          0x0000000008000b00       0x50 C:/ST/STM32CubeIDE_1.10.1/STM32CubeIDE/plugins/com.st.stm32cube.ide.mcu.externaltools.gnu-tools-for-stm32.11.3.rel1.win32_1.1.0.202305231506/tools/bin/../lib/gcc/arm-none-eabi/11.3.1/thumb/v7-m/nofp\libgcc.a(_arm_fixdfsi.o)
                0x0000000008000b00                __aeabi_d2iz
                0x0000000008000b00                __fixdfsi
 .text          0x0000000008000b50       0x40 C:/ST/STM32CubeIDE_1.10.1/STM32CubeIDE/plugins/com.st.stm32cube.ide.mcu.externaltools.gnu-tools-for-stm32.11.3.rel1.win32_1.1.0.202305231506/tools/bin/../lib/gcc/arm-none-eabi/11.3.1/thumb/v7-m/nofp\libgcc.a(_arm_fixunsdfsi.o)
                0x0000000008000b50                __aeabi_d2uiz
                0x0000000008000b50                __fixunsdfsi
 .text          0x0000000008000b90       0xa0 C:/ST/STM32CubeIDE_1.10.1/STM32CubeIDE/plugins/com.st.stm32cube.ide.mcu.externaltools.gnu-tools-for-stm32.11.3.rel1.win32_1.1.0.202305231506/tools/bin/../lib/gcc/arm-none-eabi/11.3.1/thumb/v7-m/nofp\libgcc.a(_arm_truncdfsf2.o)
                0x0000000008000b90                __truncdfsf2
                0x0000000008000b90                __aeabi_d2f
 .text          0x0000000008000c30      0x21c C:/ST/STM32CubeIDE_1.10.1/STM32CubeIDE/plugins/com.st.stm32cube.ide.mcu.externaltools.gnu-tools-for-stm32.11.3.rel1.win32_1.1.0.202305231506/tools/bin/../lib/gcc/arm-none-eabi/11.3.1/thumb/v7-m/nofp\libgcc.a(_arm_addsubsf3.o)
                0x0000000008000c30                __aeabi_frsub
                0x0000000008000c38                __subsf3
                0x0000000008000c38                __aeabi_fsub
                0x0000000008000c3c                __aeabi_fadd
                0x0000000008000c3c                __addsf3
                0x0000000008000d9c                __aeabi_ui2f
                0x0000000008000d9c                __floatunsisf
                0x0000000008000da4                __aeabi_i2f
                0x0000000008000da4                __floatsisf
                0x0000000008000dc0                __aeabi_ul2f
                0x0000000008000dc0                __floatundisf
                0x0000000008000dd0                __aeabi_l2f
                0x0000000008000dd0                __floatdisf
 .text          0x0000000008000e4c      0x2a0 C:/ST/STM32CubeIDE_1.10.1/STM32CubeIDE/plugins/com.st.stm32cube.ide.mcu.externaltools.gnu-tools-for-stm32.11.3.rel1.win32_1.1.0.202305231506/tools/bin/../lib/gcc/arm-none-eabi/11.3.1/thumb/v7-m/nofp\libgcc.a(_arm_muldivsf3.o)
                0x0000000008000e4c                __mulsf3
                0x0000000008000e4c                __aeabi_fmul
                0x0000000008000fb4                __aeabi_fdiv
                0x0000000008000fb4                __divsf3
 .text          0x00000000080010ec       0xec C:/ST/STM32CubeIDE_1.10.1/STM32CubeIDE/plugins/com.st.stm32cube.ide.mcu.externaltools.gnu-tools-for-stm32.11.3.rel1.win32_1.1.0.202305231506/tools/bin/../lib/gcc/arm-none-eabi/11.3.1/thumb/v7-m/nofp\libgcc.a(_arm_cmpsf2.o)
                0x00000000080010ec                __gesf2
                0x00000000080010ec                __gtsf2
                0x00000000080010f4                __lesf2
                0x00000000080010f4                __ltsf2
                0x00000000080010fc                __nesf2
                0x00000000080010fc                __eqsf2
                0x00000000080010fc                __cmpsf2
                0x000000000800115c                __aeabi_cfrcmple
                0x0000000008001164                __aeabi_cfcmpeq
                0x0000000008001164                __aeabi_cfcmple
                0x0000000008001174                __aeabi_fcmpeq
                0x0000000008001188                __aeabi_fcmplt
                0x000000000800119c                __aeabi_fcmple
                0x00000000080011b0                __aeabi_fcmpge
                0x00000000080011c4                __aeabi_fcmpgt
 .text          0x00000000080011d8       0x4c C:/ST/STM32CubeIDE_1.10.1/STM32CubeIDE/plugins/com.st.stm32cube.ide.mcu.externaltools.gnu-tools-for-stm32.11.3.rel1.win32_1.1.0.202305231506/tools/bin/../lib/gcc/arm-none-eabi/11.3.1/thumb/v7-m/nofp\libgcc.a(_arm_fixsfsi.o)
                0x00000000080011d8                __aeabi_f2iz
                0x00000000080011d8                __fixsfsi
 .text          0x0000000008001224       0x34 C:/ST/STM32CubeIDE_1.10.1/STM32CubeIDE/plugins/com.st.stm32cube.ide.mcu.externaltools.gnu-tools-for-stm32.11.3.rel1.win32_1.1.0.202305231506/tools/bin/../lib/gcc/arm-none-eabi/11.3.1/thumb/v7-m/nofp\libgcc.a(_fixdfdi.o)
                0x0000000008001224                __fixdfdi
                0x0000000008001224                __aeabi_d2lz
 .text          0x0000000008001258       0x3c C:/ST/STM32CubeIDE_1.10.1/STM32CubeIDE/plugins/com.st.stm32cube.ide.mcu.externaltools.gnu-tools-for-stm32.11.3.rel1.win32_1.1.0.202305231506/tools/bin/../lib/gcc/arm-none-eabi/11.3.1/thumb/v7-m/nofp\libgcc.a(_fixunsdfdi.o)
                0x0000000008001258                __fixunsdfdi
                0x0000000008001258                __aeabi_d2ulz
 *(.text*)
 *fill*         0x0000000008001294        0x4 
 .text.adc_conv
                0x0000000008001298       0xd4 ./APP/app_bat.o
                0x0000000008001298                adc_conv
 .text.Motion_Set_Pwm
                0x000000000800136c       0xa6 ./APP/app_motion.o
                0x000000000800136c                Motion_Set_Pwm
 .text.Motion_Stop
                0x0000000008001412       0x26 ./APP/app_motion.o
                0x0000000008001412                Motion_Stop
 .text.Motion_Set_Speed
                0x0000000008001438       0x5c ./APP/app_motion.o
                0x0000000008001438                Motion_Set_Speed
 .text.Motion_Get_Speed
                0x0000000008001494      0x1a4 ./APP/app_motion.o
                0x0000000008001494                Motion_Get_Speed
 .text.Motion_Get_APB
                0x0000000008001638       0x14 ./APP/app_motion.o
                0x0000000008001638                Motion_Get_APB
 .text.Motion_Get_Circle_MM
                0x000000000800164c       0x14 ./APP/app_motion.o
                0x000000000800164c                Motion_Get_Circle_MM
 .text.Motion_Get_Encoder
                0x0000000008001660       0x60 ./APP/app_motion.o
                0x0000000008001660                Motion_Get_Encoder
 .text.Motion_Ctrl
                0x00000000080016c0      0x318 ./APP/app_motion.o
                0x00000000080016c0                Motion_Ctrl
 .text.Motion_Handle
                0x00000000080019d8       0x58 ./APP/app_motion.o
                0x00000000080019d8                Motion_Handle
 .text.PID_Param_Init
                0x0000000008001a30      0x110 ./APP/app_pid.o
                0x0000000008001a30                PID_Param_Init
 .text.PID_Incre_Calc
                0x0000000008001b40      0x110 ./APP/app_pid.o
                0x0000000008001b40                PID_Incre_Calc
 .text.PID_Calc_Motor
                0x0000000008001c50       0x50 ./APP/app_pid.o
                0x0000000008001c50                PID_Calc_Motor
 .text.PID_Clear_Motor
                0x0000000008001ca0      0x118 ./APP/app_pid.o
                0x0000000008001ca0                PID_Clear_Motor
 .text.PID_Set_Motor_Target
                0x0000000008001db8       0x60 ./APP/app_pid.o
                0x0000000008001db8                PID_Set_Motor_Target
 .text.case_insensitive_strcmp
                0x0000000008001e18       0xd8 ./APP/cJSON.o
 .text.cJSON_New_Item
                0x0000000008001ef0       0x2c ./APP/cJSON.o
 .text.cJSON_Delete
                0x0000000008001f1c       0x94 ./APP/cJSON.o
                0x0000000008001f1c                cJSON_Delete
 .text.get_decimal_point
                0x0000000008001fb0        0xe ./APP/cJSON.o
 *fill*         0x0000000008001fbe        0x2 
 .text.parse_number
                0x0000000008001fc0      0x198 ./APP/cJSON.o
 .text.parse_hex4
                0x0000000008002158       0xc2 ./APP/cJSON.o
 *fill*         0x000000000800221a        0x2 
 .text.utf16_literal_to_utf8
                0x000000000800221c      0x1d0 ./APP/cJSON.o
 .text.parse_string
                0x00000000080023ec      0x28c ./APP/cJSON.o
 .text.buffer_skip_whitespace
                0x0000000008002678       0x7e ./APP/cJSON.o
 *fill*         0x00000000080026f6        0x2 
 .text.skip_utf8_bom
                0x00000000080026f8       0x68 ./APP/cJSON.o
 .text.cJSON_ParseWithOpts
                0x0000000008002760       0x38 ./APP/cJSON.o
                0x0000000008002760                cJSON_ParseWithOpts
 .text.cJSON_ParseWithLengthOpts
                0x0000000008002798      0x134 ./APP/cJSON.o
                0x0000000008002798                cJSON_ParseWithLengthOpts
 .text.cJSON_Parse
                0x00000000080028cc       0x1c ./APP/cJSON.o
                0x00000000080028cc                cJSON_Parse
 .text.parse_value
                0x00000000080028e8      0x1d8 ./APP/cJSON.o
 .text.parse_array
                0x0000000008002ac0      0x188 ./APP/cJSON.o
 .text.parse_object
                0x0000000008002c48      0x1fe ./APP/cJSON.o
 .text.get_object_item
                0x0000000008002e46       0x90 ./APP/cJSON.o
 .text.cJSON_GetObjectItemCaseSensitive
                0x0000000008002ed6       0x1e ./APP/cJSON.o
                0x0000000008002ed6                cJSON_GetObjectItemCaseSensitive
 .text.cJSON_IsNumber
                0x0000000008002ef4       0x2c ./APP/cJSON.o
                0x0000000008002ef4                cJSON_IsNumber
 .text._write   0x0000000008002f20       0x34 ./APP/debug.o
                0x0000000008002f20                _write
 .text.Get_CMD_Flag
                0x0000000008002f54       0x14 ./APP/protocol.o
                0x0000000008002f54                Get_CMD_Flag
 .text.Set_CMD_Flag
                0x0000000008002f68       0x18 ./APP/protocol.o
                0x0000000008002f68                Set_CMD_Flag
 .text.Clear_CMD_Flag
                0x0000000008002f80       0x18 ./APP/protocol.o
                0x0000000008002f80                Clear_CMD_Flag
 .text.u_Data_Parse
                0x0000000008002f98      0x284 ./APP/protocol.o
                0x0000000008002f98                u_Data_Parse
 .text.Encoder_Read_CNT
                0x000000000800321c       0x84 ./BSP/bsp_encoder.o
 .text.Encoder_Get_ALL
                0x00000000080032a0       0x48 ./BSP/bsp_encoder.o
                0x00000000080032a0                Encoder_Get_ALL
 .text.Encoder_Update_Count
                0x00000000080032e8       0x68 ./BSP/bsp_encoder.o
                0x00000000080032e8                Encoder_Update_Count
 .text.Motor_Stop
                0x0000000008003350       0x28 ./BSP/bsp_motor.o
                0x0000000008003350                Motor_Stop
 .text.Motor_Set_Pwm
                0x0000000008003378      0x138 ./BSP/bsp_motor.o
                0x0000000008003378                Motor_Set_Pwm
 .text.USART1_Send_ArrayU8_DMA
                0x00000000080034b0       0x4c ./BSP/bsp_usart.o
                0x00000000080034b0                USART1_Send_ArrayU8_DMA
 .text.HAL_UART_RxCpltCallback
                0x00000000080034fc       0xa0 ./Core/Src/main.o
                0x00000000080034fc                HAL_UART_RxCpltCallback
 .text.main     0x000000000800359c      0x16c ./Core/Src/main.o
                0x000000000800359c                main
 .text.SystemClock_Config
                0x0000000008003708       0xba ./Core/Src/main.o
                0x0000000008003708                SystemClock_Config
 *fill*         0x00000000080037c2        0x2 
 .text.MX_ADC1_Init
                0x00000000080037c4       0x7c ./Core/Src/main.o
 .text.MX_TIM2_Init
                0x0000000008003840       0xa8 ./Core/Src/main.o
 .text.MX_TIM3_Init
                0x00000000080038e8       0xa8 ./Core/Src/main.o
 .text.MX_TIM4_Init
                0x0000000008003990       0xa8 ./Core/Src/main.o
 .text.MX_TIM5_Init
                0x0000000008003a38       0xa8 ./Core/Src/main.o
 .text.MX_TIM8_Init
                0x0000000008003ae0      0x158 ./Core/Src/main.o
 .text.MX_USART1_UART_Init
                0x0000000008003c38       0x54 ./Core/Src/main.o
 .text.MX_DMA_Init
                0x0000000008003c8c       0x3c ./Core/Src/main.o
 .text.MX_GPIO_Init
                0x0000000008003cc8      0x108 ./Core/Src/main.o
 .text.StartDefaultTask
                0x0000000008003dd0       0x16 ./Core/Src/main.o
                0x0000000008003dd0                StartDefaultTask
 .text.start_task_speed
                0x0000000008003de6       0x26 ./Core/Src/main.o
                0x0000000008003de6                start_task_speed
 .text.start_task_control
                0x0000000008003e0c       0x34 ./Core/Src/main.o
                0x0000000008003e0c                start_task_control
 .text.start_task_mpu
                0x0000000008003e40       0x12 ./Core/Src/main.o
                0x0000000008003e40                start_task_mpu
 .text.start_task_report
                0x0000000008003e52       0x16 ./Core/Src/main.o
                0x0000000008003e52                start_task_report
 .text.HAL_TIM_PeriodElapsedCallback
                0x0000000008003e68       0x24 ./Core/Src/main.o
                0x0000000008003e68                HAL_TIM_PeriodElapsedCallback
 .text.Error_Handler
                0x0000000008003e8c        0xa ./Core/Src/main.o
                0x0000000008003e8c                Error_Handler
 *fill*         0x0000000008003e96        0x2 
 .text.HAL_MspInit
                0x0000000008003e98       0x70 ./Core/Src/stm32f1xx_hal_msp.o
                0x0000000008003e98                HAL_MspInit
 .text.HAL_ADC_MspInit
                0x0000000008003f08       0x78 ./Core/Src/stm32f1xx_hal_msp.o
                0x0000000008003f08                HAL_ADC_MspInit
 .text.HAL_TIM_Encoder_MspInit
                0x0000000008003f80      0x1e0 ./Core/Src/stm32f1xx_hal_msp.o
                0x0000000008003f80                HAL_TIM_Encoder_MspInit
 .text.HAL_TIM_PWM_MspInit
                0x0000000008004160       0x3c ./Core/Src/stm32f1xx_hal_msp.o
                0x0000000008004160                HAL_TIM_PWM_MspInit
 .text.HAL_TIM_MspPostInit
                0x000000000800419c       0x68 ./Core/Src/stm32f1xx_hal_msp.o
                0x000000000800419c                HAL_TIM_MspPostInit
 .text.HAL_UART_MspInit
                0x0000000008004204       0xfc ./Core/Src/stm32f1xx_hal_msp.o
                0x0000000008004204                HAL_UART_MspInit
 .text.HAL_InitTick
                0x0000000008004300       0xe4 ./Core/Src/stm32f1xx_hal_timebase_tim.o
                0x0000000008004300                HAL_InitTick
 .text.NMI_Handler
                0x00000000080043e4        0x6 ./Core/Src/stm32f1xx_it.o
                0x00000000080043e4                NMI_Handler
 .text.HardFault_Handler
                0x00000000080043ea        0x6 ./Core/Src/stm32f1xx_it.o
                0x00000000080043ea                HardFault_Handler
 .text.MemManage_Handler
                0x00000000080043f0        0x6 ./Core/Src/stm32f1xx_it.o
                0x00000000080043f0                MemManage_Handler
 .text.BusFault_Handler
                0x00000000080043f6        0x6 ./Core/Src/stm32f1xx_it.o
                0x00000000080043f6                BusFault_Handler
 .text.UsageFault_Handler
                0x00000000080043fc        0x6 ./Core/Src/stm32f1xx_it.o
                0x00000000080043fc                UsageFault_Handler
 .text.DebugMon_Handler
                0x0000000008004402        0xc ./Core/Src/stm32f1xx_it.o
                0x0000000008004402                DebugMon_Handler
 *fill*         0x000000000800440e        0x2 
 .text.DMA1_Channel4_IRQHandler
                0x0000000008004410       0x14 ./Core/Src/stm32f1xx_it.o
                0x0000000008004410                DMA1_Channel4_IRQHandler
 .text.TIM1_UP_IRQHandler
                0x0000000008004424       0x14 ./Core/Src/stm32f1xx_it.o
                0x0000000008004424                TIM1_UP_IRQHandler
 .text.USART1_IRQHandler
                0x0000000008004438       0x14 ./Core/Src/stm32f1xx_it.o
                0x0000000008004438                USART1_IRQHandler
 .text._getpid  0x000000000800444c        0xe ./Core/Src/syscalls.o
                0x000000000800444c                _getpid
 .text._kill    0x000000000800445a       0x20 ./Core/Src/syscalls.o
                0x000000000800445a                _kill
 .text._exit    0x000000000800447a       0x14 ./Core/Src/syscalls.o
                0x000000000800447a                _exit
 .text._read    0x000000000800448e       0x3a ./Core/Src/syscalls.o
                0x000000000800448e                _read
 .text._close   0x00000000080044c8       0x16 ./Core/Src/syscalls.o
                0x00000000080044c8                _close
 .text._fstat   0x00000000080044de       0x1e ./Core/Src/syscalls.o
                0x00000000080044de                _fstat
 .text._isatty  0x00000000080044fc       0x14 ./Core/Src/syscalls.o
                0x00000000080044fc                _isatty
 .text._lseek   0x0000000008004510       0x18 ./Core/Src/syscalls.o
                0x0000000008004510                _lseek
 .text._sbrk    0x0000000008004528       0x6c ./Core/Src/sysmem.o
                0x0000000008004528                _sbrk
 .text.SystemInit
                0x0000000008004594        0xc ./Core/Src/system_stm32f1xx.o
                0x0000000008004594                SystemInit
 .text.Reset_Handler
                0x00000000080045a0       0x48 ./Core/Startup/startup_stm32f103rctx.o
                0x00000000080045a0                Reset_Handler
 .text.Default_Handler
                0x00000000080045e8        0x2 ./Core/Startup/startup_stm32f103rctx.o
                0x00000000080045e8                RTC_Alarm_IRQHandler
                0x00000000080045e8                EXTI2_IRQHandler
                0x00000000080045e8                TIM8_TRG_COM_IRQHandler
                0x00000000080045e8                TIM8_CC_IRQHandler
                0x00000000080045e8                TIM1_CC_IRQHandler
                0x00000000080045e8                TIM6_IRQHandler
                0x00000000080045e8                PVD_IRQHandler
                0x00000000080045e8                SDIO_IRQHandler
                0x00000000080045e8                EXTI3_IRQHandler
                0x00000000080045e8                EXTI0_IRQHandler
                0x00000000080045e8                I2C2_EV_IRQHandler
                0x00000000080045e8                ADC1_2_IRQHandler
                0x00000000080045e8                SPI1_IRQHandler
                0x00000000080045e8                TAMPER_IRQHandler
                0x00000000080045e8                TIM8_UP_IRQHandler
                0x00000000080045e8                DMA2_Channel2_IRQHandler
                0x00000000080045e8                USART3_IRQHandler
                0x00000000080045e8                RTC_IRQHandler
                0x00000000080045e8                DMA1_Channel7_IRQHandler
                0x00000000080045e8                CAN1_RX1_IRQHandler
                0x00000000080045e8                UART5_IRQHandler
                0x00000000080045e8                ADC3_IRQHandler
                0x00000000080045e8                TIM4_IRQHandler
                0x00000000080045e8                DMA2_Channel1_IRQHandler
                0x00000000080045e8                I2C1_EV_IRQHandler
                0x00000000080045e8                DMA1_Channel6_IRQHandler
                0x00000000080045e8                UART4_IRQHandler
                0x00000000080045e8                TIM3_IRQHandler
                0x00000000080045e8                RCC_IRQHandler
                0x00000000080045e8                TIM1_TRG_COM_IRQHandler
                0x00000000080045e8                DMA1_Channel1_IRQHandler
                0x00000000080045e8                Default_Handler
                0x00000000080045e8                EXTI15_10_IRQHandler
                0x00000000080045e8                TIM7_IRQHandler
                0x00000000080045e8                TIM5_IRQHandler
                0x00000000080045e8                EXTI9_5_IRQHandler
                0x00000000080045e8                SPI2_IRQHandler
                0x00000000080045e8                DMA1_Channel5_IRQHandler
                0x00000000080045e8                EXTI4_IRQHandler
                0x00000000080045e8                USB_LP_CAN1_RX0_IRQHandler
                0x00000000080045e8                USB_HP_CAN1_TX_IRQHandler
                0x00000000080045e8                DMA1_Channel3_IRQHandler
                0x00000000080045e8                FSMC_IRQHandler
                0x00000000080045e8                WWDG_IRQHandler
                0x00000000080045e8                TIM2_IRQHandler
                0x00000000080045e8                TIM1_BRK_IRQHandler
                0x00000000080045e8                EXTI1_IRQHandler
                0x00000000080045e8                DMA2_Channel4_5_IRQHandler
                0x00000000080045e8                USART2_IRQHandler
                0x00000000080045e8                I2C2_ER_IRQHandler
                0x00000000080045e8                DMA1_Channel2_IRQHandler
                0x00000000080045e8                TIM8_BRK_IRQHandler
                0x00000000080045e8                CAN1_SCE_IRQHandler
                0x00000000080045e8                FLASH_IRQHandler
                0x00000000080045e8                SPI3_IRQHandler
                0x00000000080045e8                I2C1_ER_IRQHandler
                0x00000000080045e8                USBWakeUp_IRQHandler
                0x00000000080045e8                DMA2_Channel3_IRQHandler
 *fill*         0x00000000080045ea        0x2 
 .text.HAL_Init
                0x00000000080045ec       0x2c ./Drivers/STM32F1xx_HAL_Driver/Src/stm32f1xx_hal.o
                0x00000000080045ec                HAL_Init
 .text.HAL_IncTick
                0x0000000008004618       0x24 ./Drivers/STM32F1xx_HAL_Driver/Src/stm32f1xx_hal.o
                0x0000000008004618                HAL_IncTick
 .text.HAL_GetTick
                0x000000000800463c       0x14 ./Drivers/STM32F1xx_HAL_Driver/Src/stm32f1xx_hal.o
                0x000000000800463c                HAL_GetTick
 .text.HAL_ADC_Init
                0x0000000008004650      0x1d4 ./Drivers/STM32F1xx_HAL_Driver/Src/stm32f1xx_hal_adc.o
                0x0000000008004650                HAL_ADC_Init
 .text.HAL_ADC_Start
                0x0000000008004824      0x15c ./Drivers/STM32F1xx_HAL_Driver/Src/stm32f1xx_hal_adc.o
                0x0000000008004824                HAL_ADC_Start
 .text.HAL_ADC_Stop
                0x0000000008004980       0x58 ./Drivers/STM32F1xx_HAL_Driver/Src/stm32f1xx_hal_adc.o
                0x0000000008004980                HAL_ADC_Stop
 .text.HAL_ADC_PollForConversion
                0x00000000080049d8      0x20c ./Drivers/STM32F1xx_HAL_Driver/Src/stm32f1xx_hal_adc.o
                0x00000000080049d8                HAL_ADC_PollForConversion
 .text.HAL_ADC_GetValue
                0x0000000008004be4       0x18 ./Drivers/STM32F1xx_HAL_Driver/Src/stm32f1xx_hal_adc.o
                0x0000000008004be4                HAL_ADC_GetValue
 .text.HAL_ADC_ConfigChannel
                0x0000000008004bfc      0x1f0 ./Drivers/STM32F1xx_HAL_Driver/Src/stm32f1xx_hal_adc.o
                0x0000000008004bfc                HAL_ADC_ConfigChannel
 .text.ADC_Enable
                0x0000000008004dec       0xb4 ./Drivers/STM32F1xx_HAL_Driver/Src/stm32f1xx_hal_adc.o
                0x0000000008004dec                ADC_Enable
 .text.ADC_ConversionStop_Disable
                0x0000000008004ea0       0x82 ./Drivers/STM32F1xx_HAL_Driver/Src/stm32f1xx_hal_adc.o
                0x0000000008004ea0                ADC_ConversionStop_Disable
 *fill*         0x0000000008004f22        0x2 
 .text.__NVIC_SetPriorityGrouping
                0x0000000008004f24       0x48 ./Drivers/STM32F1xx_HAL_Driver/Src/stm32f1xx_hal_cortex.o
 .text.__NVIC_GetPriorityGrouping
                0x0000000008004f6c       0x1c ./Drivers/STM32F1xx_HAL_Driver/Src/stm32f1xx_hal_cortex.o
 .text.__NVIC_EnableIRQ
                0x0000000008004f88       0x38 ./Drivers/STM32F1xx_HAL_Driver/Src/stm32f1xx_hal_cortex.o
 .text.__NVIC_SetPriority
                0x0000000008004fc0       0x54 ./Drivers/STM32F1xx_HAL_Driver/Src/stm32f1xx_hal_cortex.o
 .text.NVIC_EncodePriority
                0x0000000008005014       0x64 ./Drivers/STM32F1xx_HAL_Driver/Src/stm32f1xx_hal_cortex.o
 .text.HAL_NVIC_SetPriorityGrouping
                0x0000000008005078       0x16 ./Drivers/STM32F1xx_HAL_Driver/Src/stm32f1xx_hal_cortex.o
                0x0000000008005078                HAL_NVIC_SetPriorityGrouping
 .text.HAL_NVIC_SetPriority
                0x000000000800508e       0x38 ./Drivers/STM32F1xx_HAL_Driver/Src/stm32f1xx_hal_cortex.o
                0x000000000800508e                HAL_NVIC_SetPriority
 .text.HAL_NVIC_EnableIRQ
                0x00000000080050c6       0x1c ./Drivers/STM32F1xx_HAL_Driver/Src/stm32f1xx_hal_cortex.o
                0x00000000080050c6                HAL_NVIC_EnableIRQ
 *fill*         0x00000000080050e2        0x2 
 .text.HAL_DMA_Init
                0x00000000080050e4       0xec ./Drivers/STM32F1xx_HAL_Driver/Src/stm32f1xx_hal_dma.o
                0x00000000080050e4                HAL_DMA_Init
 .text.HAL_DMA_Start_IT
                0x00000000080051d0       0xc0 ./Drivers/STM32F1xx_HAL_Driver/Src/stm32f1xx_hal_dma.o
                0x00000000080051d0                HAL_DMA_Start_IT
 .text.HAL_DMA_Abort
                0x0000000008005290       0x76 ./Drivers/STM32F1xx_HAL_Driver/Src/stm32f1xx_hal_dma.o
                0x0000000008005290                HAL_DMA_Abort
 *fill*         0x0000000008005306        0x2 
 .text.HAL_DMA_Abort_IT
                0x0000000008005308      0x210 ./Drivers/STM32F1xx_HAL_Driver/Src/stm32f1xx_hal_dma.o
                0x0000000008005308                HAL_DMA_Abort_IT
 .text.HAL_DMA_IRQHandler
                0x0000000008005518      0x478 ./Drivers/STM32F1xx_HAL_Driver/Src/stm32f1xx_hal_dma.o
                0x0000000008005518                HAL_DMA_IRQHandler
 .text.DMA_SetConfig
                0x0000000008005990       0x5a ./Drivers/STM32F1xx_HAL_Driver/Src/stm32f1xx_hal_dma.o
 *fill*         0x00000000080059ea        0x2 
 .text.HAL_GPIO_Init
                0x00000000080059ec      0x328 ./Drivers/STM32F1xx_HAL_Driver/Src/stm32f1xx_hal_gpio.o
                0x00000000080059ec                HAL_GPIO_Init
 .text.HAL_GPIO_WritePin
                0x0000000008005d14       0x30 ./Drivers/STM32F1xx_HAL_Driver/Src/stm32f1xx_hal_gpio.o
                0x0000000008005d14                HAL_GPIO_WritePin
 .text.HAL_RCC_OscConfig
                0x0000000008005d44      0x504 ./Drivers/STM32F1xx_HAL_Driver/Src/stm32f1xx_hal_rcc.o
                0x0000000008005d44                HAL_RCC_OscConfig
 .text.HAL_RCC_ClockConfig
                0x0000000008006248      0x1d4 ./Drivers/STM32F1xx_HAL_Driver/Src/stm32f1xx_hal_rcc.o
                0x0000000008006248                HAL_RCC_ClockConfig
 .text.HAL_RCC_GetSysClockFreq
                0x000000000800641c       0xa8 ./Drivers/STM32F1xx_HAL_Driver/Src/stm32f1xx_hal_rcc.o
                0x000000000800641c                HAL_RCC_GetSysClockFreq
 .text.HAL_RCC_GetHCLKFreq
                0x00000000080064c4       0x14 ./Drivers/STM32F1xx_HAL_Driver/Src/stm32f1xx_hal_rcc.o
                0x00000000080064c4                HAL_RCC_GetHCLKFreq
 .text.HAL_RCC_GetPCLK1Freq
                0x00000000080064d8       0x28 ./Drivers/STM32F1xx_HAL_Driver/Src/stm32f1xx_hal_rcc.o
                0x00000000080064d8                HAL_RCC_GetPCLK1Freq
 .text.HAL_RCC_GetPCLK2Freq
                0x0000000008006500       0x28 ./Drivers/STM32F1xx_HAL_Driver/Src/stm32f1xx_hal_rcc.o
                0x0000000008006500                HAL_RCC_GetPCLK2Freq
 .text.HAL_RCC_GetClockConfig
                0x0000000008006528       0x60 ./Drivers/STM32F1xx_HAL_Driver/Src/stm32f1xx_hal_rcc.o
                0x0000000008006528                HAL_RCC_GetClockConfig
 .text.RCC_Delay
                0x0000000008006588       0x3c ./Drivers/STM32F1xx_HAL_Driver/Src/stm32f1xx_hal_rcc.o
 .text.HAL_RCCEx_PeriphCLKConfig
                0x00000000080065c4      0x16c ./Drivers/STM32F1xx_HAL_Driver/Src/stm32f1xx_hal_rcc_ex.o
                0x00000000080065c4                HAL_RCCEx_PeriphCLKConfig
 .text.HAL_RCCEx_GetPeriphCLKFreq
                0x0000000008006730      0x1b0 ./Drivers/STM32F1xx_HAL_Driver/Src/stm32f1xx_hal_rcc_ex.o
                0x0000000008006730                HAL_RCCEx_GetPeriphCLKFreq
 .text.HAL_TIM_Base_Init
                0x00000000080068e0       0x9e ./Drivers/STM32F1xx_HAL_Driver/Src/stm32f1xx_hal_tim.o
                0x00000000080068e0                HAL_TIM_Base_Init
 .text.HAL_TIM_Base_MspInit
                0x000000000800697e       0x12 ./Drivers/STM32F1xx_HAL_Driver/Src/stm32f1xx_hal_tim.o
                0x000000000800697e                HAL_TIM_Base_MspInit
 .text.HAL_TIM_Base_Start_IT
                0x0000000008006990       0xc0 ./Drivers/STM32F1xx_HAL_Driver/Src/stm32f1xx_hal_tim.o
                0x0000000008006990                HAL_TIM_Base_Start_IT
 .text.HAL_TIM_PWM_Init
                0x0000000008006a50       0x9e ./Drivers/STM32F1xx_HAL_Driver/Src/stm32f1xx_hal_tim.o
                0x0000000008006a50                HAL_TIM_PWM_Init
 *fill*         0x0000000008006aee        0x2 
 .text.HAL_TIM_PWM_Start
                0x0000000008006af0      0x174 ./Drivers/STM32F1xx_HAL_Driver/Src/stm32f1xx_hal_tim.o
                0x0000000008006af0                HAL_TIM_PWM_Start
 .text.HAL_TIM_Encoder_Init
                0x0000000008006c64      0x144 ./Drivers/STM32F1xx_HAL_Driver/Src/stm32f1xx_hal_tim.o
                0x0000000008006c64                HAL_TIM_Encoder_Init
 .text.HAL_TIM_Encoder_Start
                0x0000000008006da8      0x11c ./Drivers/STM32F1xx_HAL_Driver/Src/stm32f1xx_hal_tim.o
                0x0000000008006da8                HAL_TIM_Encoder_Start
 .text.HAL_TIM_IRQHandler
                0x0000000008006ec4      0x210 ./Drivers/STM32F1xx_HAL_Driver/Src/stm32f1xx_hal_tim.o
                0x0000000008006ec4                HAL_TIM_IRQHandler
 .text.HAL_TIM_PWM_ConfigChannel
                0x00000000080070d4      0x184 ./Drivers/STM32F1xx_HAL_Driver/Src/stm32f1xx_hal_tim.o
                0x00000000080070d4                HAL_TIM_PWM_ConfigChannel
 .text.HAL_TIM_OC_DelayElapsedCallback
                0x0000000008007258       0x12 ./Drivers/STM32F1xx_HAL_Driver/Src/stm32f1xx_hal_tim.o
                0x0000000008007258                HAL_TIM_OC_DelayElapsedCallback
 .text.HAL_TIM_IC_CaptureCallback
                0x000000000800726a       0x12 ./Drivers/STM32F1xx_HAL_Driver/Src/stm32f1xx_hal_tim.o
                0x000000000800726a                HAL_TIM_IC_CaptureCallback
 .text.HAL_TIM_PWM_PulseFinishedCallback
                0x000000000800727c       0x12 ./Drivers/STM32F1xx_HAL_Driver/Src/stm32f1xx_hal_tim.o
                0x000000000800727c                HAL_TIM_PWM_PulseFinishedCallback
 .text.HAL_TIM_TriggerCallback
                0x000000000800728e       0x12 ./Drivers/STM32F1xx_HAL_Driver/Src/stm32f1xx_hal_tim.o
                0x000000000800728e                HAL_TIM_TriggerCallback
 .text.TIM_Base_SetConfig
                0x00000000080072a0       0xf4 ./Drivers/STM32F1xx_HAL_Driver/Src/stm32f1xx_hal_tim.o
                0x00000000080072a0                TIM_Base_SetConfig
 .text.TIM_OC1_SetConfig
                0x0000000008007394       0xe0 ./Drivers/STM32F1xx_HAL_Driver/Src/stm32f1xx_hal_tim.o
 .text.TIM_OC2_SetConfig
                0x0000000008007474       0xe8 ./Drivers/STM32F1xx_HAL_Driver/Src/stm32f1xx_hal_tim.o
                0x0000000008007474                TIM_OC2_SetConfig
 .text.TIM_OC3_SetConfig
                0x000000000800755c       0xe8 ./Drivers/STM32F1xx_HAL_Driver/Src/stm32f1xx_hal_tim.o
 .text.TIM_OC4_SetConfig
                0x0000000008007644       0xa8 ./Drivers/STM32F1xx_HAL_Driver/Src/stm32f1xx_hal_tim.o
 .text.TIM_CCxChannelCmd
                0x00000000080076ec       0x48 ./Drivers/STM32F1xx_HAL_Driver/Src/stm32f1xx_hal_tim.o
                0x00000000080076ec                TIM_CCxChannelCmd
 .text.HAL_TIMEx_MasterConfigSynchronization
                0x0000000008007734       0xd8 ./Drivers/STM32F1xx_HAL_Driver/Src/stm32f1xx_hal_tim_ex.o
                0x0000000008007734                HAL_TIMEx_MasterConfigSynchronization
 .text.HAL_TIMEx_ConfigBreakDeadTime
                0x000000000800780c       0xa2 ./Drivers/STM32F1xx_HAL_Driver/Src/stm32f1xx_hal_tim_ex.o
                0x000000000800780c                HAL_TIMEx_ConfigBreakDeadTime
 .text.HAL_TIMEx_CommutCallback
                0x00000000080078ae       0x12 ./Drivers/STM32F1xx_HAL_Driver/Src/stm32f1xx_hal_tim_ex.o
                0x00000000080078ae                HAL_TIMEx_CommutCallback
 .text.HAL_TIMEx_BreakCallback
                0x00000000080078c0       0x12 ./Drivers/STM32F1xx_HAL_Driver/Src/stm32f1xx_hal_tim_ex.o
                0x00000000080078c0                HAL_TIMEx_BreakCallback
 .text.HAL_UART_Init
                0x00000000080078d2       0xa0 ./Drivers/STM32F1xx_HAL_Driver/Src/stm32f1xx_hal_uart.o
                0x00000000080078d2                HAL_UART_Init
 .text.HAL_UART_Transmit
                0x0000000008007972      0x106 ./Drivers/STM32F1xx_HAL_Driver/Src/stm32f1xx_hal_uart.o
                0x0000000008007972                HAL_UART_Transmit
 .text.HAL_UART_Receive_IT
                0x0000000008007a78       0x4a ./Drivers/STM32F1xx_HAL_Driver/Src/stm32f1xx_hal_uart.o
                0x0000000008007a78                HAL_UART_Receive_IT
 *fill*         0x0000000008007ac2        0x2 
 .text.HAL_UART_Transmit_DMA
                0x0000000008007ac4       0xe0 ./Drivers/STM32F1xx_HAL_Driver/Src/stm32f1xx_hal_uart.o
                0x0000000008007ac4                HAL_UART_Transmit_DMA
 .text.HAL_UART_IRQHandler
                0x0000000008007ba4      0x524 ./Drivers/STM32F1xx_HAL_Driver/Src/stm32f1xx_hal_uart.o
                0x0000000008007ba4                HAL_UART_IRQHandler
 .text.HAL_UART_TxCpltCallback
                0x00000000080080c8       0x12 ./Drivers/STM32F1xx_HAL_Driver/Src/stm32f1xx_hal_uart.o
                0x00000000080080c8                HAL_UART_TxCpltCallback
 .text.HAL_UART_TxHalfCpltCallback
                0x00000000080080da       0x12 ./Drivers/STM32F1xx_HAL_Driver/Src/stm32f1xx_hal_uart.o
                0x00000000080080da                HAL_UART_TxHalfCpltCallback
 .text.HAL_UART_ErrorCallback
                0x00000000080080ec       0x12 ./Drivers/STM32F1xx_HAL_Driver/Src/stm32f1xx_hal_uart.o
                0x00000000080080ec                HAL_UART_ErrorCallback
 .text.HAL_UARTEx_RxEventCallback
                0x00000000080080fe       0x16 ./Drivers/STM32F1xx_HAL_Driver/Src/stm32f1xx_hal_uart.o
                0x00000000080080fe                HAL_UARTEx_RxEventCallback
 .text.UART_DMATransmitCplt
                0x0000000008008114       0x9a ./Drivers/STM32F1xx_HAL_Driver/Src/stm32f1xx_hal_uart.o
 .text.UART_DMATxHalfCplt
                0x00000000080081ae       0x1c ./Drivers/STM32F1xx_HAL_Driver/Src/stm32f1xx_hal_uart.o
 .text.UART_DMAError
                0x00000000080081ca       0x94 ./Drivers/STM32F1xx_HAL_Driver/Src/stm32f1xx_hal_uart.o
 .text.UART_WaitOnFlagUntilTimeout
                0x000000000800825e       0xdc ./Drivers/STM32F1xx_HAL_Driver/Src/stm32f1xx_hal_uart.o
 .text.UART_Start_Receive_IT
                0x000000000800833a       0x72 ./Drivers/STM32F1xx_HAL_Driver/Src/stm32f1xx_hal_uart.o
                0x000000000800833a                UART_Start_Receive_IT
 .text.UART_EndTxTransfer
                0x00000000080083ac       0x4e ./Drivers/STM32F1xx_HAL_Driver/Src/stm32f1xx_hal_uart.o
 .text.UART_EndRxTransfer
                0x00000000080083fa       0xc4 ./Drivers/STM32F1xx_HAL_Driver/Src/stm32f1xx_hal_uart.o
 .text.UART_DMAAbortOnError
                0x00000000080084be       0x28 ./Drivers/STM32F1xx_HAL_Driver/Src/stm32f1xx_hal_uart.o
 .text.UART_Transmit_IT
                0x00000000080084e6       0x9e ./Drivers/STM32F1xx_HAL_Driver/Src/stm32f1xx_hal_uart.o
 .text.UART_EndTransmit_IT
                0x0000000008008584       0x30 ./Drivers/STM32F1xx_HAL_Driver/Src/stm32f1xx_hal_uart.o
 .text.UART_Receive_IT
                0x00000000080085b4      0x17c ./Drivers/STM32F1xx_HAL_Driver/Src/stm32f1xx_hal_uart.o
 .text.UART_SetConfig
                0x0000000008008730      0x11c ./Drivers/STM32F1xx_HAL_Driver/Src/stm32f1xx_hal_uart.o
 .text.osKernelInitialize
                0x000000000800884c       0x64 ./Middlewares/Third_Party/FreeRTOS/Source/CMSIS_RTOS_V2/cmsis_os2.o
                0x000000000800884c                osKernelInitialize
 .text.osKernelStart
                0x00000000080088b0       0x68 ./Middlewares/Third_Party/FreeRTOS/Source/CMSIS_RTOS_V2/cmsis_os2.o
                0x00000000080088b0                osKernelStart
 .text.osThreadNew
                0x0000000008008918      0x154 ./Middlewares/Third_Party/FreeRTOS/Source/CMSIS_RTOS_V2/cmsis_os2.o
                0x0000000008008918                osThreadNew
 .text.osDelay  0x0000000008008a6c       0x5c ./Middlewares/Third_Party/FreeRTOS/Source/CMSIS_RTOS_V2/cmsis_os2.o
                0x0000000008008a6c                osDelay
 .text.vApplicationGetIdleTaskMemory
                0x0000000008008ac8       0x30 ./Middlewares/Third_Party/FreeRTOS/Source/CMSIS_RTOS_V2/cmsis_os2.o
                0x0000000008008ac8                vApplicationGetIdleTaskMemory
 .text.vApplicationGetTimerTaskMemory
                0x0000000008008af8       0x34 ./Middlewares/Third_Party/FreeRTOS/Source/CMSIS_RTOS_V2/cmsis_os2.o
                0x0000000008008af8                vApplicationGetTimerTaskMemory
 .text.vListInitialise
                0x0000000008008b2c       0x3e ./Middlewares/Third_Party/FreeRTOS/Source/list.o
                0x0000000008008b2c                vListInitialise
 .text.vListInitialiseItem
                0x0000000008008b6a       0x18 ./Middlewares/Third_Party/FreeRTOS/Source/list.o
                0x0000000008008b6a                vListInitialiseItem
 .text.vListInsertEnd
                0x0000000008008b82       0x46 ./Middlewares/Third_Party/FreeRTOS/Source/list.o
                0x0000000008008b82                vListInsertEnd
 .text.vListInsert
                0x0000000008008bc8       0x70 ./Middlewares/Third_Party/FreeRTOS/Source/list.o
                0x0000000008008bc8                vListInsert
 .text.uxListRemove
                0x0000000008008c38       0x52 ./Middlewares/Third_Party/FreeRTOS/Source/list.o
                0x0000000008008c38                uxListRemove
 *fill*         0x0000000008008c8a        0x2 
 .text.xQueueGenericReset
                0x0000000008008c8c       0xd0 ./Middlewares/Third_Party/FreeRTOS/Source/queue.o
                0x0000000008008c8c                xQueueGenericReset
 .text.xQueueGenericCreateStatic
                0x0000000008008d5c       0xee ./Middlewares/Third_Party/FreeRTOS/Source/queue.o
                0x0000000008008d5c                xQueueGenericCreateStatic
 .text.prvInitialiseNewQueue
                0x0000000008008e4a       0x46 ./Middlewares/Third_Party/FreeRTOS/Source/queue.o
 .text.xQueueGenericSend
                0x0000000008008e90      0x1fc ./Middlewares/Third_Party/FreeRTOS/Source/queue.o
                0x0000000008008e90                xQueueGenericSend
 .text.xQueueGenericSendFromISR
                0x000000000800908c      0x130 ./Middlewares/Third_Party/FreeRTOS/Source/queue.o
                0x000000000800908c                xQueueGenericSendFromISR
 .text.xQueueReceive
                0x00000000080091bc      0x1c0 ./Middlewares/Third_Party/FreeRTOS/Source/queue.o
                0x00000000080091bc                xQueueReceive
 .text.prvCopyDataToQueue
                0x000000000800937c       0xd4 ./Middlewares/Third_Party/FreeRTOS/Source/queue.o
 .text.prvCopyDataFromQueue
                0x0000000008009450       0x4c ./Middlewares/Third_Party/FreeRTOS/Source/queue.o
 .text.prvUnlockQueue
                0x000000000800949c       0xa4 ./Middlewares/Third_Party/FreeRTOS/Source/queue.o
 .text.prvIsQueueEmpty
                0x0000000008009540       0x2c ./Middlewares/Third_Party/FreeRTOS/Source/queue.o
 .text.prvIsQueueFull
                0x000000000800956c       0x30 ./Middlewares/Third_Party/FreeRTOS/Source/queue.o
 .text.vQueueAddToRegistry
                0x000000000800959c       0x50 ./Middlewares/Third_Party/FreeRTOS/Source/queue.o
                0x000000000800959c                vQueueAddToRegistry
 .text.vQueueWaitForMessageRestricted
                0x00000000080095ec       0x68 ./Middlewares/Third_Party/FreeRTOS/Source/queue.o
                0x00000000080095ec                vQueueWaitForMessageRestricted
 .text.xTaskCreateStatic
                0x0000000008009654       0xb8 ./Middlewares/Third_Party/FreeRTOS/Source/tasks.o
                0x0000000008009654                xTaskCreateStatic
 .text.xTaskCreate
                0x000000000800970c       0x8a ./Middlewares/Third_Party/FreeRTOS/Source/tasks.o
                0x000000000800970c                xTaskCreate
 *fill*         0x0000000008009796        0x2 
 .text.prvInitialiseNewTask
                0x0000000008009798      0x13c ./Middlewares/Third_Party/FreeRTOS/Source/tasks.o
 .text.prvAddNewTaskToReadyList
                0x00000000080098d4       0xe0 ./Middlewares/Third_Party/FreeRTOS/Source/tasks.o
 .text.vTaskDelayUntil
                0x00000000080099b4       0xfc ./Middlewares/Third_Party/FreeRTOS/Source/tasks.o
                0x00000000080099b4                vTaskDelayUntil
 .text.vTaskDelay
                0x0000000008009ab0       0x68 ./Middlewares/Third_Party/FreeRTOS/Source/tasks.o
                0x0000000008009ab0                vTaskDelay
 .text.vTaskStartScheduler
                0x0000000008009b18       0xe0 ./Middlewares/Third_Party/FreeRTOS/Source/tasks.o
                0x0000000008009b18                vTaskStartScheduler
 .text.vTaskSuspendAll
                0x0000000008009bf8       0x1c ./Middlewares/Third_Party/FreeRTOS/Source/tasks.o
                0x0000000008009bf8                vTaskSuspendAll
 .text.xTaskResumeAll
                0x0000000008009c14      0x13c ./Middlewares/Third_Party/FreeRTOS/Source/tasks.o
                0x0000000008009c14                xTaskResumeAll
 .text.xTaskGetTickCount
                0x0000000008009d50       0x1c ./Middlewares/Third_Party/FreeRTOS/Source/tasks.o
                0x0000000008009d50                xTaskGetTickCount
 .text.xTaskIncrementTick
                0x0000000008009d6c      0x17c ./Middlewares/Third_Party/FreeRTOS/Source/tasks.o
                0x0000000008009d6c                xTaskIncrementTick
 .text.vTaskSwitchContext
                0x0000000008009ee8       0xc8 ./Middlewares/Third_Party/FreeRTOS/Source/tasks.o
                0x0000000008009ee8                vTaskSwitchContext
 .text.vTaskPlaceOnEventList
                0x0000000008009fb0       0x48 ./Middlewares/Third_Party/FreeRTOS/Source/tasks.o
                0x0000000008009fb0                vTaskPlaceOnEventList
 .text.vTaskPlaceOnEventListRestricted
                0x0000000008009ff8       0x58 ./Middlewares/Third_Party/FreeRTOS/Source/tasks.o
                0x0000000008009ff8                vTaskPlaceOnEventListRestricted
 .text.xTaskRemoveFromEventList
                0x000000000800a050       0xc8 ./Middlewares/Third_Party/FreeRTOS/Source/tasks.o
                0x000000000800a050                xTaskRemoveFromEventList
 .text.vTaskInternalSetTimeOutState
                0x000000000800a118       0x2c ./Middlewares/Third_Party/FreeRTOS/Source/tasks.o
                0x000000000800a118                vTaskInternalSetTimeOutState
 .text.xTaskCheckForTimeOut
                0x000000000800a144       0xc4 ./Middlewares/Third_Party/FreeRTOS/Source/tasks.o
                0x000000000800a144                xTaskCheckForTimeOut
 .text.vTaskMissedYield
                0x000000000800a208       0x18 ./Middlewares/Third_Party/FreeRTOS/Source/tasks.o
                0x000000000800a208                vTaskMissedYield
 .text.prvIdleTask
                0x000000000800a220       0x30 ./Middlewares/Third_Party/FreeRTOS/Source/tasks.o
 .text.prvInitialiseTaskLists
                0x000000000800a250       0x80 ./Middlewares/Third_Party/FreeRTOS/Source/tasks.o
 .text.prvCheckTasksWaitingTermination
                0x000000000800a2d0       0x5c ./Middlewares/Third_Party/FreeRTOS/Source/tasks.o
 .text.prvDeleteTCB
                0x000000000800a32c       0x68 ./Middlewares/Third_Party/FreeRTOS/Source/tasks.o
 .text.prvResetNextTaskUnblockTime
                0x000000000800a394       0x48 ./Middlewares/Third_Party/FreeRTOS/Source/tasks.o
 .text.xTaskGetSchedulerState
                0x000000000800a3dc       0x3c ./Middlewares/Third_Party/FreeRTOS/Source/tasks.o
                0x000000000800a3dc                xTaskGetSchedulerState
 .text.xTaskPriorityDisinherit
                0x000000000800a418       0xdc ./Middlewares/Third_Party/FreeRTOS/Source/tasks.o
                0x000000000800a418                xTaskPriorityDisinherit
 .text.prvAddCurrentTaskToDelayedList
                0x000000000800a4f4       0xa8 ./Middlewares/Third_Party/FreeRTOS/Source/tasks.o
 .text.xTimerCreateTimerTask
                0x000000000800a59c       0x90 ./Middlewares/Third_Party/FreeRTOS/Source/timers.o
                0x000000000800a59c                xTimerCreateTimerTask
 .text.xTimerGenericCommand
                0x000000000800a62c       0x9c ./Middlewares/Third_Party/FreeRTOS/Source/timers.o
                0x000000000800a62c                xTimerGenericCommand
 .text.prvProcessExpiredTimer
                0x000000000800a6c8       0x80 ./Middlewares/Third_Party/FreeRTOS/Source/timers.o
 .text.prvTimerTask
                0x000000000800a748       0x24 ./Middlewares/Third_Party/FreeRTOS/Source/timers.o
 .text.prvProcessTimerOrBlockTask
                0x000000000800a76c       0x9c ./Middlewares/Third_Party/FreeRTOS/Source/timers.o
 .text.prvGetNextExpireTime
                0x000000000800a808       0x48 ./Middlewares/Third_Party/FreeRTOS/Source/timers.o
 .text.prvSampleTimeNow
                0x000000000800a850       0x40 ./Middlewares/Third_Party/FreeRTOS/Source/timers.o
 .text.prvInsertTimerInActiveList
                0x000000000800a890       0x84 ./Middlewares/Third_Party/FreeRTOS/Source/timers.o
 .text.prvProcessReceivedCommands
                0x000000000800a914      0x168 ./Middlewares/Third_Party/FreeRTOS/Source/timers.o
 .text.prvSwitchTimerLists
                0x000000000800aa7c       0xc4 ./Middlewares/Third_Party/FreeRTOS/Source/timers.o
 .text.prvCheckForValidListAndQueue
                0x000000000800ab40       0x80 ./Middlewares/Third_Party/FreeRTOS/Source/timers.o
 .text.pxPortInitialiseStack
                0x000000000800abc0       0x58 ./Middlewares/Third_Party/FreeRTOS/Source/portable/GCC/ARM_CM3/port.o
                0x000000000800abc0                pxPortInitialiseStack
 .text.prvTaskExitError
                0x000000000800ac18       0x58 ./Middlewares/Third_Party/FreeRTOS/Source/portable/GCC/ARM_CM3/port.o
 .text.SVC_Handler
                0x000000000800ac70       0x28 ./Middlewares/Third_Party/FreeRTOS/Source/portable/GCC/ARM_CM3/port.o
                0x000000000800ac70                SVC_Handler
 .text.prvPortStartFirstTask
                0x000000000800ac98       0x20 ./Middlewares/Third_Party/FreeRTOS/Source/portable/GCC/ARM_CM3/port.o
 .text.xPortStartScheduler
                0x000000000800acb8       0xe4 ./Middlewares/Third_Party/FreeRTOS/Source/portable/GCC/ARM_CM3/port.o
                0x000000000800acb8                xPortStartScheduler
 .text.vPortEnterCritical
                0x000000000800ad9c       0x60 ./Middlewares/Third_Party/FreeRTOS/Source/portable/GCC/ARM_CM3/port.o
                0x000000000800ad9c                vPortEnterCritical
 .text.vPortExitCritical
                0x000000000800adfc       0x50 ./Middlewares/Third_Party/FreeRTOS/Source/portable/GCC/ARM_CM3/port.o
                0x000000000800adfc                vPortExitCritical
 *fill*         0x000000000800ae4c        0x4 
 .text.PendSV_Handler
                0x000000000800ae50       0x48 ./Middlewares/Third_Party/FreeRTOS/Source/portable/GCC/ARM_CM3/port.o
                0x000000000800ae50                PendSV_Handler
 .text.SysTick_Handler
                0x000000000800ae98       0x44 ./Middlewares/Third_Party/FreeRTOS/Source/portable/GCC/ARM_CM3/port.o
                0x000000000800ae98                SysTick_Handler
 .text.vPortSetupTimerInterrupt
                0x000000000800aedc       0x44 ./Middlewares/Third_Party/FreeRTOS/Source/portable/GCC/ARM_CM3/port.o
                0x000000000800aedc                vPortSetupTimerInterrupt
 .text.vPortValidateInterruptPriority
                0x000000000800af20       0x7c ./Middlewares/Third_Party/FreeRTOS/Source/portable/GCC/ARM_CM3/port.o
                0x000000000800af20                vPortValidateInterruptPriority
 .text.pvPortMalloc
                0x000000000800af9c      0x188 ./Middlewares/Third_Party/FreeRTOS/Source/portable/MemMang/heap_4.o
                0x000000000800af9c                pvPortMalloc
 .text.vPortFree
                0x000000000800b124       0xb4 ./Middlewares/Third_Party/FreeRTOS/Source/portable/MemMang/heap_4.o
                0x000000000800b124                vPortFree
 .text.prvHeapInit
                0x000000000800b1d8       0xc4 ./Middlewares/Third_Party/FreeRTOS/Source/portable/MemMang/heap_4.o
 .text.prvInsertBlockIntoFreeList
                0x000000000800b29c       0xb0 ./Middlewares/Third_Party/FreeRTOS/Source/portable/MemMang/heap_4.o
 .text.malloc   0x000000000800b34c       0x10 C:/ST/STM32CubeIDE_1.10.1/STM32CubeIDE/plugins/com.st.stm32cube.ide.mcu.externaltools.gnu-tools-for-stm32.11.3.rel1.win32_1.1.0.202305231506/tools/bin/../lib/gcc/arm-none-eabi/11.3.1/../../../../arm-none-eabi/lib/thumb/v7-m/nofp\libc_nano.a(libc_a-malloc.o)
                0x000000000800b34c                malloc
 .text.free     0x000000000800b35c       0x10 C:/ST/STM32CubeIDE_1.10.1/STM32CubeIDE/plugins/com.st.stm32cube.ide.mcu.externaltools.gnu-tools-for-stm32.11.3.rel1.win32_1.1.0.202305231506/tools/bin/../lib/gcc/arm-none-eabi/11.3.1/../../../../arm-none-eabi/lib/thumb/v7-m/nofp\libc_nano.a(libc_a-malloc.o)
                0x000000000800b35c                free
 .text.sbrk_aligned
                0x000000000800b36c       0x40 C:/ST/STM32CubeIDE_1.10.1/STM32CubeIDE/plugins/com.st.stm32cube.ide.mcu.externaltools.gnu-tools-for-stm32.11.3.rel1.win32_1.1.0.202305231506/tools/bin/../lib/gcc/arm-none-eabi/11.3.1/../../../../arm-none-eabi/lib/thumb/v7-m/nofp\libc_nano.a(libc_a-mallocr.o)
 .text._malloc_r
                0x000000000800b3ac      0x100 C:/ST/STM32CubeIDE_1.10.1/STM32CubeIDE/plugins/com.st.stm32cube.ide.mcu.externaltools.gnu-tools-for-stm32.11.3.rel1.win32_1.1.0.202305231506/tools/bin/../lib/gcc/arm-none-eabi/11.3.1/../../../../arm-none-eabi/lib/thumb/v7-m/nofp\libc_nano.a(libc_a-mallocr.o)
                0x000000000800b3ac                _malloc_r
 .text.__malloc_lock
                0x000000000800b4ac        0xc C:/ST/STM32CubeIDE_1.10.1/STM32CubeIDE/plugins/com.st.stm32cube.ide.mcu.externaltools.gnu-tools-for-stm32.11.3.rel1.win32_1.1.0.202305231506/tools/bin/../lib/gcc/arm-none-eabi/11.3.1/../../../../arm-none-eabi/lib/thumb/v7-m/nofp\libc_nano.a(libc_a-mlock.o)
                0x000000000800b4ac                __malloc_lock
 .text.__malloc_unlock
                0x000000000800b4b8        0xc C:/ST/STM32CubeIDE_1.10.1/STM32CubeIDE/plugins/com.st.stm32cube.ide.mcu.externaltools.gnu-tools-for-stm32.11.3.rel1.win32_1.1.0.202305231506/tools/bin/../lib/gcc/arm-none-eabi/11.3.1/../../../../arm-none-eabi/lib/thumb/v7-m/nofp\libc_nano.a(libc_a-mlock.o)
                0x000000000800b4b8                __malloc_unlock
 .text.realloc  0x000000000800b4c4       0x10 C:/ST/STM32CubeIDE_1.10.1/STM32CubeIDE/plugins/com.st.stm32cube.ide.mcu.externaltools.gnu-tools-for-stm32.11.3.rel1.win32_1.1.0.202305231506/tools/bin/../lib/gcc/arm-none-eabi/11.3.1/../../../../arm-none-eabi/lib/thumb/v7-m/nofp\libc_nano.a(libc_a-realloc.o)
                0x000000000800b4c4                realloc
 .text._realloc_r
                0x000000000800b4d4       0x5e C:/ST/STM32CubeIDE_1.10.1/STM32CubeIDE/plugins/com.st.stm32cube.ide.mcu.externaltools.gnu-tools-for-stm32.11.3.rel1.win32_1.1.0.202305231506/tools/bin/../lib/gcc/arm-none-eabi/11.3.1/../../../../arm-none-eabi/lib/thumb/v7-m/nofp\libc_nano.a(libc_a-reallocr.o)
                0x000000000800b4d4                _realloc_r
 .text.sulp     0x000000000800b532       0x42 C:/ST/STM32CubeIDE_1.10.1/STM32CubeIDE/plugins/com.st.stm32cube.ide.mcu.externaltools.gnu-tools-for-stm32.11.3.rel1.win32_1.1.0.202305231506/tools/bin/../lib/gcc/arm-none-eabi/11.3.1/../../../../arm-none-eabi/lib/thumb/v7-m/nofp\libc_nano.a(libc_a-strtod.o)
 *fill*         0x000000000800b574        0x4 
 .text._strtod_l
                0x000000000800b578      0xbe8 C:/ST/STM32CubeIDE_1.10.1/STM32CubeIDE/plugins/com.st.stm32cube.ide.mcu.externaltools.gnu-tools-for-stm32.11.3.rel1.win32_1.1.0.202305231506/tools/bin/../lib/gcc/arm-none-eabi/11.3.1/../../../../arm-none-eabi/lib/thumb/v7-m/nofp\libc_nano.a(libc_a-strtod.o)
                0x000000000800b578                _strtod_l
 .text.strtod   0x000000000800c160       0x18 C:/ST/STM32CubeIDE_1.10.1/STM32CubeIDE/plugins/com.st.stm32cube.ide.mcu.externaltools.gnu-tools-for-stm32.11.3.rel1.win32_1.1.0.202305231506/tools/bin/../lib/gcc/arm-none-eabi/11.3.1/../../../../arm-none-eabi/lib/thumb/v7-m/nofp\libc_nano.a(libc_a-strtod.o)
                0x000000000800c160                strtod
 .text.std      0x000000000800c178       0x48 C:/ST/STM32CubeIDE_1.10.1/STM32CubeIDE/plugins/com.st.stm32cube.ide.mcu.externaltools.gnu-tools-for-stm32.11.3.rel1.win32_1.1.0.202305231506/tools/bin/../lib/gcc/arm-none-eabi/11.3.1/../../../../arm-none-eabi/lib/thumb/v7-m/nofp\libc_nano.a(libc_a-findfp.o)
 .text.stdio_exit_handler
                0x000000000800c1c0       0x18 C:/ST/STM32CubeIDE_1.10.1/STM32CubeIDE/plugins/com.st.stm32cube.ide.mcu.externaltools.gnu-tools-for-stm32.11.3.rel1.win32_1.1.0.202305231506/tools/bin/../lib/gcc/arm-none-eabi/11.3.1/../../../../arm-none-eabi/lib/thumb/v7-m/nofp\libc_nano.a(libc_a-findfp.o)
 .text.cleanup_stdio
                0x000000000800c1d8       0x40 C:/ST/STM32CubeIDE_1.10.1/STM32CubeIDE/plugins/com.st.stm32cube.ide.mcu.externaltools.gnu-tools-for-stm32.11.3.rel1.win32_1.1.0.202305231506/tools/bin/../lib/gcc/arm-none-eabi/11.3.1/../../../../arm-none-eabi/lib/thumb/v7-m/nofp\libc_nano.a(libc_a-findfp.o)
 .text.global_stdio_init.part.0
                0x000000000800c218       0x3c C:/ST/STM32CubeIDE_1.10.1/STM32CubeIDE/plugins/com.st.stm32cube.ide.mcu.externaltools.gnu-tools-for-stm32.11.3.rel1.win32_1.1.0.202305231506/tools/bin/../lib/gcc/arm-none-eabi/11.3.1/../../../../arm-none-eabi/lib/thumb/v7-m/nofp\libc_nano.a(libc_a-findfp.o)
 .text.__sfp_lock_acquire
                0x000000000800c254        0xc C:/ST/STM32CubeIDE_1.10.1/STM32CubeIDE/plugins/com.st.stm32cube.ide.mcu.externaltools.gnu-tools-for-stm32.11.3.rel1.win32_1.1.0.202305231506/tools/bin/../lib/gcc/arm-none-eabi/11.3.1/../../../../arm-none-eabi/lib/thumb/v7-m/nofp\libc_nano.a(libc_a-findfp.o)
                0x000000000800c254                __sfp_lock_acquire
 .text.__sfp_lock_release
                0x000000000800c260        0xc C:/ST/STM32CubeIDE_1.10.1/STM32CubeIDE/plugins/com.st.stm32cube.ide.mcu.externaltools.gnu-tools-for-stm32.11.3.rel1.win32_1.1.0.202305231506/tools/bin/../lib/gcc/arm-none-eabi/11.3.1/../../../../arm-none-eabi/lib/thumb/v7-m/nofp\libc_nano.a(libc_a-findfp.o)
                0x000000000800c260                __sfp_lock_release
 .text.__sinit  0x000000000800c26c       0x30 C:/ST/STM32CubeIDE_1.10.1/STM32CubeIDE/plugins/com.st.stm32cube.ide.mcu.externaltools.gnu-tools-for-stm32.11.3.rel1.win32_1.1.0.202305231506/tools/bin/../lib/gcc/arm-none-eabi/11.3.1/../../../../arm-none-eabi/lib/thumb/v7-m/nofp\libc_nano.a(libc_a-findfp.o)
                0x000000000800c26c                __sinit
 .text._fwalk_sglue
                0x000000000800c29c       0x3c C:/ST/STM32CubeIDE_1.10.1/STM32CubeIDE/plugins/com.st.stm32cube.ide.mcu.externaltools.gnu-tools-for-stm32.11.3.rel1.win32_1.1.0.202305231506/tools/bin/../lib/gcc/arm-none-eabi/11.3.1/../../../../arm-none-eabi/lib/thumb/v7-m/nofp\libc_nano.a(libc_a-fwalk.o)
                0x000000000800c29c                _fwalk_sglue
 .text.sprintf  0x000000000800c2d8       0x40 C:/ST/STM32CubeIDE_1.10.1/STM32CubeIDE/plugins/com.st.stm32cube.ide.mcu.externaltools.gnu-tools-for-stm32.11.3.rel1.win32_1.1.0.202305231506/tools/bin/../lib/gcc/arm-none-eabi/11.3.1/../../../../arm-none-eabi/lib/thumb/v7-m/nofp\libc_nano.a(libc_a-sprintf.o)
                0x000000000800c2d8                siprintf
                0x000000000800c2d8                sprintf
 .text.__sread  0x000000000800c318       0x22 C:/ST/STM32CubeIDE_1.10.1/STM32CubeIDE/plugins/com.st.stm32cube.ide.mcu.externaltools.gnu-tools-for-stm32.11.3.rel1.win32_1.1.0.202305231506/tools/bin/../lib/gcc/arm-none-eabi/11.3.1/../../../../arm-none-eabi/lib/thumb/v7-m/nofp\libc_nano.a(libc_a-stdio.o)
                0x000000000800c318                __sread
 .text.__swrite
                0x000000000800c33a       0x38 C:/ST/STM32CubeIDE_1.10.1/STM32CubeIDE/plugins/com.st.stm32cube.ide.mcu.externaltools.gnu-tools-for-stm32.11.3.rel1.win32_1.1.0.202305231506/tools/bin/../lib/gcc/arm-none-eabi/11.3.1/../../../../arm-none-eabi/lib/thumb/v7-m/nofp\libc_nano.a(libc_a-stdio.o)
                0x000000000800c33a                __swrite
 .text.__sseek  0x000000000800c372       0x24 C:/ST/STM32CubeIDE_1.10.1/STM32CubeIDE/plugins/com.st.stm32cube.ide.mcu.externaltools.gnu-tools-for-stm32.11.3.rel1.win32_1.1.0.202305231506/tools/bin/../lib/gcc/arm-none-eabi/11.3.1/../../../../arm-none-eabi/lib/thumb/v7-m/nofp\libc_nano.a(libc_a-stdio.o)
                0x000000000800c372                __sseek
 .text.__sclose
                0x000000000800c396        0x8 C:/ST/STM32CubeIDE_1.10.1/STM32CubeIDE/plugins/com.st.stm32cube.ide.mcu.externaltools.gnu-tools-for-stm32.11.3.rel1.win32_1.1.0.202305231506/tools/bin/../lib/gcc/arm-none-eabi/11.3.1/../../../../arm-none-eabi/lib/thumb/v7-m/nofp\libc_nano.a(libc_a-stdio.o)
                0x000000000800c396                __sclose
 .text.__swbuf_r
                0x000000000800c39e       0x7a C:/ST/STM32CubeIDE_1.10.1/STM32CubeIDE/plugins/com.st.stm32cube.ide.mcu.externaltools.gnu-tools-for-stm32.11.3.rel1.win32_1.1.0.202305231506/tools/bin/../lib/gcc/arm-none-eabi/11.3.1/../../../../arm-none-eabi/lib/thumb/v7-m/nofp\libc_nano.a(libc_a-wbuf.o)
                0x000000000800c39e                __swbuf_r
 .text.__swsetup_r
                0x000000000800c418       0xb0 C:/ST/STM32CubeIDE_1.10.1/STM32CubeIDE/plugins/com.st.stm32cube.ide.mcu.externaltools.gnu-tools-for-stm32.11.3.rel1.win32_1.1.0.202305231506/tools/bin/../lib/gcc/arm-none-eabi/11.3.1/../../../../arm-none-eabi/lib/thumb/v7-m/nofp\libc_nano.a(libc_a-wsetup.o)
                0x000000000800c418                __swsetup_r
 .text.memset   0x000000000800c4c8       0x10 C:/ST/STM32CubeIDE_1.10.1/STM32CubeIDE/plugins/com.st.stm32cube.ide.mcu.externaltools.gnu-tools-for-stm32.11.3.rel1.win32_1.1.0.202305231506/tools/bin/../lib/gcc/arm-none-eabi/11.3.1/../../../../arm-none-eabi/lib/thumb/v7-m/nofp\libc_nano.a(libc_a-memset.o)
                0x000000000800c4c8                memset
 .text.strncmp  0x000000000800c4d8       0x24 C:/ST/STM32CubeIDE_1.10.1/STM32CubeIDE/plugins/com.st.stm32cube.ide.mcu.externaltools.gnu-tools-for-stm32.11.3.rel1.win32_1.1.0.202305231506/tools/bin/../lib/gcc/arm-none-eabi/11.3.1/../../../../arm-none-eabi/lib/thumb/v7-m/nofp\libc_nano.a(libc_a-strncmp.o)
                0x000000000800c4d8                strncmp
 .text._close_r
                0x000000000800c4fc       0x20 C:/ST/STM32CubeIDE_1.10.1/STM32CubeIDE/plugins/com.st.stm32cube.ide.mcu.externaltools.gnu-tools-for-stm32.11.3.rel1.win32_1.1.0.202305231506/tools/bin/../lib/gcc/arm-none-eabi/11.3.1/../../../../arm-none-eabi/lib/thumb/v7-m/nofp\libc_nano.a(libc_a-closer.o)
                0x000000000800c4fc                _close_r
 .text._reclaim_reent
                0x000000000800c51c       0xac C:/ST/STM32CubeIDE_1.10.1/STM32CubeIDE/plugins/com.st.stm32cube.ide.mcu.externaltools.gnu-tools-for-stm32.11.3.rel1.win32_1.1.0.202305231506/tools/bin/../lib/gcc/arm-none-eabi/11.3.1/../../../../arm-none-eabi/lib/thumb/v7-m/nofp\libc_nano.a(libc_a-reent.o)
                0x000000000800c51c                _reclaim_reent
 .text._lseek_r
                0x000000000800c5c8       0x24 C:/ST/STM32CubeIDE_1.10.1/STM32CubeIDE/plugins/com.st.stm32cube.ide.mcu.externaltools.gnu-tools-for-stm32.11.3.rel1.win32_1.1.0.202305231506/tools/bin/../lib/gcc/arm-none-eabi/11.3.1/../../../../arm-none-eabi/lib/thumb/v7-m/nofp\libc_nano.a(libc_a-lseekr.o)
                0x000000000800c5c8                _lseek_r
 .text._read_r  0x000000000800c5ec       0x24 C:/ST/STM32CubeIDE_1.10.1/STM32CubeIDE/plugins/com.st.stm32cube.ide.mcu.externaltools.gnu-tools-for-stm32.11.3.rel1.win32_1.1.0.202305231506/tools/bin/../lib/gcc/arm-none-eabi/11.3.1/../../../../arm-none-eabi/lib/thumb/v7-m/nofp\libc_nano.a(libc_a-readr.o)
                0x000000000800c5ec                _read_r
 .text._sbrk_r  0x000000000800c610       0x20 C:/ST/STM32CubeIDE_1.10.1/STM32CubeIDE/plugins/com.st.stm32cube.ide.mcu.externaltools.gnu-tools-for-stm32.11.3.rel1.win32_1.1.0.202305231506/tools/bin/../lib/gcc/arm-none-eabi/11.3.1/../../../../arm-none-eabi/lib/thumb/v7-m/nofp\libc_nano.a(libc_a-sbrkr.o)
                0x000000000800c610                _sbrk_r
 .text._write_r
                0x000000000800c630       0x24 C:/ST/STM32CubeIDE_1.10.1/STM32CubeIDE/plugins/com.st.stm32cube.ide.mcu.externaltools.gnu-tools-for-stm32.11.3.rel1.win32_1.1.0.202305231506/tools/bin/../lib/gcc/arm-none-eabi/11.3.1/../../../../arm-none-eabi/lib/thumb/v7-m/nofp\libc_nano.a(libc_a-writer.o)
                0x000000000800c630                _write_r
 .text.__errno  0x000000000800c654        0xc C:/ST/STM32CubeIDE_1.10.1/STM32CubeIDE/plugins/com.st.stm32cube.ide.mcu.externaltools.gnu-tools-for-stm32.11.3.rel1.win32_1.1.0.202305231506/tools/bin/../lib/gcc/arm-none-eabi/11.3.1/../../../../arm-none-eabi/lib/thumb/v7-m/nofp\libc_nano.a(libc_a-errno.o)
                0x000000000800c654                __errno
 .text.__libc_init_array
                0x000000000800c660       0x48 C:/ST/STM32CubeIDE_1.10.1/STM32CubeIDE/plugins/com.st.stm32cube.ide.mcu.externaltools.gnu-tools-for-stm32.11.3.rel1.win32_1.1.0.202305231506/tools/bin/../lib/gcc/arm-none-eabi/11.3.1/../../../../arm-none-eabi/lib/thumb/v7-m/nofp\libc_nano.a(libc_a-init.o)
                0x000000000800c660                __libc_init_array
 .text.__retarget_lock_acquire_recursive
                0x000000000800c6a8        0x2 C:/ST/STM32CubeIDE_1.10.1/STM32CubeIDE/plugins/com.st.stm32cube.ide.mcu.externaltools.gnu-tools-for-stm32.11.3.rel1.win32_1.1.0.202305231506/tools/bin/../lib/gcc/arm-none-eabi/11.3.1/../../../../arm-none-eabi/lib/thumb/v7-m/nofp\libc_nano.a(libc_a-lock.o)
                0x000000000800c6a8                __retarget_lock_acquire_recursive
 .text.__retarget_lock_release_recursive
                0x000000000800c6aa        0x2 C:/ST/STM32CubeIDE_1.10.1/STM32CubeIDE/plugins/com.st.stm32cube.ide.mcu.externaltools.gnu-tools-for-stm32.11.3.rel1.win32_1.1.0.202305231506/tools/bin/../lib/gcc/arm-none-eabi/11.3.1/../../../../arm-none-eabi/lib/thumb/v7-m/nofp\libc_nano.a(libc_a-lock.o)
                0x000000000800c6aa                __retarget_lock_release_recursive
 .text.memcpy   0x000000000800c6ac       0x1c C:/ST/STM32CubeIDE_1.10.1/STM32CubeIDE/plugins/com.st.stm32cube.ide.mcu.externaltools.gnu-tools-for-stm32.11.3.rel1.win32_1.1.0.202305231506/tools/bin/../lib/gcc/arm-none-eabi/11.3.1/../../../../arm-none-eabi/lib/thumb/v7-m/nofp\libc_nano.a(libc_a-memcpy-stub.o)
                0x000000000800c6ac                memcpy
 .text.nan      0x000000000800c6c8        0xc C:/ST/STM32CubeIDE_1.10.1/STM32CubeIDE/plugins/com.st.stm32cube.ide.mcu.externaltools.gnu-tools-for-stm32.11.3.rel1.win32_1.1.0.202305231506/tools/bin/../lib/gcc/arm-none-eabi/11.3.1/../../../../arm-none-eabi/lib/thumb/v7-m/nofp\libc_nano.a(libm_a-s_nan.o)
                0x000000000800c6c8                nan
 .text._free_r  0x000000000800c6d4       0x90 C:/ST/STM32CubeIDE_1.10.1/STM32CubeIDE/plugins/com.st.stm32cube.ide.mcu.externaltools.gnu-tools-for-stm32.11.3.rel1.win32_1.1.0.202305231506/tools/bin/../lib/gcc/arm-none-eabi/11.3.1/../../../../arm-none-eabi/lib/thumb/v7-m/nofp\libc_nano.a(libc_a-freer.o)
                0x000000000800c6d4                _free_r
 .text.rshift   0x000000000800c764       0xa6 C:/ST/STM32CubeIDE_1.10.1/STM32CubeIDE/plugins/com.st.stm32cube.ide.mcu.externaltools.gnu-tools-for-stm32.11.3.rel1.win32_1.1.0.202305231506/tools/bin/../lib/gcc/arm-none-eabi/11.3.1/../../../../arm-none-eabi/lib/thumb/v7-m/nofp\libc_nano.a(libc_a-gdtoa-gethex.o)
 .text.__hexdig_fun
                0x000000000800c80a       0x2a C:/ST/STM32CubeIDE_1.10.1/STM32CubeIDE/plugins/com.st.stm32cube.ide.mcu.externaltools.gnu-tools-for-stm32.11.3.rel1.win32_1.1.0.202305231506/tools/bin/../lib/gcc/arm-none-eabi/11.3.1/../../../../arm-none-eabi/lib/thumb/v7-m/nofp\libc_nano.a(libc_a-gdtoa-gethex.o)
                0x000000000800c80a                __hexdig_fun
 .text.__gethex
                0x000000000800c834      0x460 C:/ST/STM32CubeIDE_1.10.1/STM32CubeIDE/plugins/com.st.stm32cube.ide.mcu.externaltools.gnu-tools-for-stm32.11.3.rel1.win32_1.1.0.202305231506/tools/bin/../lib/gcc/arm-none-eabi/11.3.1/../../../../arm-none-eabi/lib/thumb/v7-m/nofp\libc_nano.a(libc_a-gdtoa-gethex.o)
                0x000000000800c834                __gethex
 .text.L_shift  0x000000000800cc94       0x24 C:/ST/STM32CubeIDE_1.10.1/STM32CubeIDE/plugins/com.st.stm32cube.ide.mcu.externaltools.gnu-tools-for-stm32.11.3.rel1.win32_1.1.0.202305231506/tools/bin/../lib/gcc/arm-none-eabi/11.3.1/../../../../arm-none-eabi/lib/thumb/v7-m/nofp\libc_nano.a(libc_a-gdtoa-hexnan.o)
 .text.__match  0x000000000800ccb8       0x28 C:/ST/STM32CubeIDE_1.10.1/STM32CubeIDE/plugins/com.st.stm32cube.ide.mcu.externaltools.gnu-tools-for-stm32.11.3.rel1.win32_1.1.0.202305231506/tools/bin/../lib/gcc/arm-none-eabi/11.3.1/../../../../arm-none-eabi/lib/thumb/v7-m/nofp\libc_nano.a(libc_a-gdtoa-hexnan.o)
                0x000000000800ccb8                __match
 .text.__hexnan
                0x000000000800cce0      0x136 C:/ST/STM32CubeIDE_1.10.1/STM32CubeIDE/plugins/com.st.stm32cube.ide.mcu.externaltools.gnu-tools-for-stm32.11.3.rel1.win32_1.1.0.202305231506/tools/bin/../lib/gcc/arm-none-eabi/11.3.1/../../../../arm-none-eabi/lib/thumb/v7-m/nofp\libc_nano.a(libc_a-gdtoa-hexnan.o)
                0x000000000800cce0                __hexnan
 .text.__ascii_mbtowc
                0x000000000800ce16       0x24 C:/ST/STM32CubeIDE_1.10.1/STM32CubeIDE/plugins/com.st.stm32cube.ide.mcu.externaltools.gnu-tools-for-stm32.11.3.rel1.win32_1.1.0.202305231506/tools/bin/../lib/gcc/arm-none-eabi/11.3.1/../../../../arm-none-eabi/lib/thumb/v7-m/nofp\libc_nano.a(libc_a-mbtowc_r.o)
                0x000000000800ce16                __ascii_mbtowc
 *fill*         0x000000000800ce3a        0x2 
 .text._Balloc  0x000000000800ce3c       0x80 C:/ST/STM32CubeIDE_1.10.1/STM32CubeIDE/plugins/com.st.stm32cube.ide.mcu.externaltools.gnu-tools-for-stm32.11.3.rel1.win32_1.1.0.202305231506/tools/bin/../lib/gcc/arm-none-eabi/11.3.1/../../../../arm-none-eabi/lib/thumb/v7-m/nofp\libc_nano.a(libc_a-mprec.o)
                0x000000000800ce3c                _Balloc
 .text._Bfree   0x000000000800cebc       0x44 C:/ST/STM32CubeIDE_1.10.1/STM32CubeIDE/plugins/com.st.stm32cube.ide.mcu.externaltools.gnu-tools-for-stm32.11.3.rel1.win32_1.1.0.202305231506/tools/bin/../lib/gcc/arm-none-eabi/11.3.1/../../../../arm-none-eabi/lib/thumb/v7-m/nofp\libc_nano.a(libc_a-mprec.o)
                0x000000000800cebc                _Bfree
 .text.__multadd
                0x000000000800cf00       0x8c C:/ST/STM32CubeIDE_1.10.1/STM32CubeIDE/plugins/com.st.stm32cube.ide.mcu.externaltools.gnu-tools-for-stm32.11.3.rel1.win32_1.1.0.202305231506/tools/bin/../lib/gcc/arm-none-eabi/11.3.1/../../../../arm-none-eabi/lib/thumb/v7-m/nofp\libc_nano.a(libc_a-mprec.o)
                0x000000000800cf00                __multadd
 .text.__s2b    0x000000000800cf8c       0x94 C:/ST/STM32CubeIDE_1.10.1/STM32CubeIDE/plugins/com.st.stm32cube.ide.mcu.externaltools.gnu-tools-for-stm32.11.3.rel1.win32_1.1.0.202305231506/tools/bin/../lib/gcc/arm-none-eabi/11.3.1/../../../../arm-none-eabi/lib/thumb/v7-m/nofp\libc_nano.a(libc_a-mprec.o)
                0x000000000800cf8c                __s2b
 .text.__hi0bits
                0x000000000800d020       0x40 C:/ST/STM32CubeIDE_1.10.1/STM32CubeIDE/plugins/com.st.stm32cube.ide.mcu.externaltools.gnu-tools-for-stm32.11.3.rel1.win32_1.1.0.202305231506/tools/bin/../lib/gcc/arm-none-eabi/11.3.1/../../../../arm-none-eabi/lib/thumb/v7-m/nofp\libc_nano.a(libc_a-mprec.o)
                0x000000000800d020                __hi0bits
 .text.__lo0bits
                0x000000000800d060       0x5a C:/ST/STM32CubeIDE_1.10.1/STM32CubeIDE/plugins/com.st.stm32cube.ide.mcu.externaltools.gnu-tools-for-stm32.11.3.rel1.win32_1.1.0.202305231506/tools/bin/../lib/gcc/arm-none-eabi/11.3.1/../../../../arm-none-eabi/lib/thumb/v7-m/nofp\libc_nano.a(libc_a-mprec.o)
                0x000000000800d060                __lo0bits
 *fill*         0x000000000800d0ba        0x2 
 .text.__i2b    0x000000000800d0bc       0x2c C:/ST/STM32CubeIDE_1.10.1/STM32CubeIDE/plugins/com.st.stm32cube.ide.mcu.externaltools.gnu-tools-for-stm32.11.3.rel1.win32_1.1.0.202305231506/tools/bin/../lib/gcc/arm-none-eabi/11.3.1/../../../../arm-none-eabi/lib/thumb/v7-m/nofp\libc_nano.a(libc_a-mprec.o)
                0x000000000800d0bc                __i2b
 .text.__multiply
                0x000000000800d0e8      0x150 C:/ST/STM32CubeIDE_1.10.1/STM32CubeIDE/plugins/com.st.stm32cube.ide.mcu.externaltools.gnu-tools-for-stm32.11.3.rel1.win32_1.1.0.202305231506/tools/bin/../lib/gcc/arm-none-eabi/11.3.1/../../../../arm-none-eabi/lib/thumb/v7-m/nofp\libc_nano.a(libc_a-mprec.o)
                0x000000000800d0e8                __multiply
 .text.__pow5mult
                0x000000000800d238       0xb4 C:/ST/STM32CubeIDE_1.10.1/STM32CubeIDE/plugins/com.st.stm32cube.ide.mcu.externaltools.gnu-tools-for-stm32.11.3.rel1.win32_1.1.0.202305231506/tools/bin/../lib/gcc/arm-none-eabi/11.3.1/../../../../arm-none-eabi/lib/thumb/v7-m/nofp\libc_nano.a(libc_a-mprec.o)
                0x000000000800d238                __pow5mult
 .text.__lshift
                0x000000000800d2ec       0xd8 C:/ST/STM32CubeIDE_1.10.1/STM32CubeIDE/plugins/com.st.stm32cube.ide.mcu.externaltools.gnu-tools-for-stm32.11.3.rel1.win32_1.1.0.202305231506/tools/bin/../lib/gcc/arm-none-eabi/11.3.1/../../../../arm-none-eabi/lib/thumb/v7-m/nofp\libc_nano.a(libc_a-mprec.o)
                0x000000000800d2ec                __lshift
 .text.__mcmp   0x000000000800d3c4       0x36 C:/ST/STM32CubeIDE_1.10.1/STM32CubeIDE/plugins/com.st.stm32cube.ide.mcu.externaltools.gnu-tools-for-stm32.11.3.rel1.win32_1.1.0.202305231506/tools/bin/../lib/gcc/arm-none-eabi/11.3.1/../../../../arm-none-eabi/lib/thumb/v7-m/nofp\libc_nano.a(libc_a-mprec.o)
                0x000000000800d3c4                __mcmp
 *fill*         0x000000000800d3fa        0x2 
 .text.__mdiff  0x000000000800d3fc      0x118 C:/ST/STM32CubeIDE_1.10.1/STM32CubeIDE/plugins/com.st.stm32cube.ide.mcu.externaltools.gnu-tools-for-stm32.11.3.rel1.win32_1.1.0.202305231506/tools/bin/../lib/gcc/arm-none-eabi/11.3.1/../../../../arm-none-eabi/lib/thumb/v7-m/nofp\libc_nano.a(libc_a-mprec.o)
                0x000000000800d3fc                __mdiff
 .text.__ulp    0x000000000800d514       0x40 C:/ST/STM32CubeIDE_1.10.1/STM32CubeIDE/plugins/com.st.stm32cube.ide.mcu.externaltools.gnu-tools-for-stm32.11.3.rel1.win32_1.1.0.202305231506/tools/bin/../lib/gcc/arm-none-eabi/11.3.1/../../../../arm-none-eabi/lib/thumb/v7-m/nofp\libc_nano.a(libc_a-mprec.o)
                0x000000000800d514                __ulp
 .text.__b2d    0x000000000800d554       0x90 C:/ST/STM32CubeIDE_1.10.1/STM32CubeIDE/plugins/com.st.stm32cube.ide.mcu.externaltools.gnu-tools-for-stm32.11.3.rel1.win32_1.1.0.202305231506/tools/bin/../lib/gcc/arm-none-eabi/11.3.1/../../../../arm-none-eabi/lib/thumb/v7-m/nofp\libc_nano.a(libc_a-mprec.o)
                0x000000000800d554                __b2d
 .text.__d2b    0x000000000800d5e4       0xac C:/ST/STM32CubeIDE_1.10.1/STM32CubeIDE/plugins/com.st.stm32cube.ide.mcu.externaltools.gnu-tools-for-stm32.11.3.rel1.win32_1.1.0.202305231506/tools/bin/../lib/gcc/arm-none-eabi/11.3.1/../../../../arm-none-eabi/lib/thumb/v7-m/nofp\libc_nano.a(libc_a-mprec.o)
                0x000000000800d5e4                __d2b
 .text.__ratio  0x000000000800d690       0x5c C:/ST/STM32CubeIDE_1.10.1/STM32CubeIDE/plugins/com.st.stm32cube.ide.mcu.externaltools.gnu-tools-for-stm32.11.3.rel1.win32_1.1.0.202305231506/tools/bin/../lib/gcc/arm-none-eabi/11.3.1/../../../../arm-none-eabi/lib/thumb/v7-m/nofp\libc_nano.a(libc_a-mprec.o)
                0x000000000800d690                __ratio
 .text.__copybits
                0x000000000800d6ec       0x46 C:/ST/STM32CubeIDE_1.10.1/STM32CubeIDE/plugins/com.st.stm32cube.ide.mcu.externaltools.gnu-tools-for-stm32.11.3.rel1.win32_1.1.0.202305231506/tools/bin/../lib/gcc/arm-none-eabi/11.3.1/../../../../arm-none-eabi/lib/thumb/v7-m/nofp\libc_nano.a(libc_a-mprec.o)
                0x000000000800d6ec                __copybits
 .text.__any_on
                0x000000000800d732       0x42 C:/ST/STM32CubeIDE_1.10.1/STM32CubeIDE/plugins/com.st.stm32cube.ide.mcu.externaltools.gnu-tools-for-stm32.11.3.rel1.win32_1.1.0.202305231506/tools/bin/../lib/gcc/arm-none-eabi/11.3.1/../../../../arm-none-eabi/lib/thumb/v7-m/nofp\libc_nano.a(libc_a-mprec.o)
                0x000000000800d732                __any_on
 .text._malloc_usable_size_r
                0x000000000800d774       0x10 C:/ST/STM32CubeIDE_1.10.1/STM32CubeIDE/plugins/com.st.stm32cube.ide.mcu.externaltools.gnu-tools-for-stm32.11.3.rel1.win32_1.1.0.202305231506/tools/bin/../lib/gcc/arm-none-eabi/11.3.1/../../../../arm-none-eabi/lib/thumb/v7-m/nofp\libc_nano.a(libc_a-msizer.o)
                0x000000000800d774                _malloc_usable_size_r
 .text.__ascii_wctomb
                0x000000000800d784       0x1a C:/ST/STM32CubeIDE_1.10.1/STM32CubeIDE/plugins/com.st.stm32cube.ide.mcu.externaltools.gnu-tools-for-stm32.11.3.rel1.win32_1.1.0.202305231506/tools/bin/../lib/gcc/arm-none-eabi/11.3.1/../../../../arm-none-eabi/lib/thumb/v7-m/nofp\libc_nano.a(libc_a-wctomb_r.o)
                0x000000000800d784                __ascii_wctomb
 .text.__ssputs_r
                0x000000000800d79e       0xb4 C:/ST/STM32CubeIDE_1.10.1/STM32CubeIDE/plugins/com.st.stm32cube.ide.mcu.externaltools.gnu-tools-for-stm32.11.3.rel1.win32_1.1.0.202305231506/tools/bin/../lib/gcc/arm-none-eabi/11.3.1/../../../../arm-none-eabi/lib/thumb/v7-m/nofp\libc_nano.a(libc_a-nano-svfprintf.o)
                0x000000000800d79e                __ssputs_r
 *fill*         0x000000000800d852        0x2 
 .text._svfprintf_r
                0x000000000800d854      0x1fc C:/ST/STM32CubeIDE_1.10.1/STM32CubeIDE/plugins/com.st.stm32cube.ide.mcu.externaltools.gnu-tools-for-stm32.11.3.rel1.win32_1.1.0.202305231506/tools/bin/../lib/gcc/arm-none-eabi/11.3.1/../../../../arm-none-eabi/lib/thumb/v7-m/nofp\libc_nano.a(libc_a-nano-svfprintf.o)
                0x000000000800d854                _svfiprintf_r
                0x000000000800d854                _svfprintf_r
 .text.__sfputc_r
                0x000000000800da50       0x2a C:/ST/STM32CubeIDE_1.10.1/STM32CubeIDE/plugins/com.st.stm32cube.ide.mcu.externaltools.gnu-tools-for-stm32.11.3.rel1.win32_1.1.0.202305231506/tools/bin/../lib/gcc/arm-none-eabi/11.3.1/../../../../arm-none-eabi/lib/thumb/v7-m/nofp\libc_nano.a(libc_a-nano-vfprintf.o)
 .text.__sfputs_r
                0x000000000800da7a       0x24 C:/ST/STM32CubeIDE_1.10.1/STM32CubeIDE/plugins/com.st.stm32cube.ide.mcu.externaltools.gnu-tools-for-stm32.11.3.rel1.win32_1.1.0.202305231506/tools/bin/../lib/gcc/arm-none-eabi/11.3.1/../../../../arm-none-eabi/lib/thumb/v7-m/nofp\libc_nano.a(libc_a-nano-vfprintf.o)
                0x000000000800da7a                __sfputs_r
 *fill*         0x000000000800da9e        0x2 
 .text._vfprintf_r
                0x000000000800daa0      0x234 C:/ST/STM32CubeIDE_1.10.1/STM32CubeIDE/plugins/com.st.stm32cube.ide.mcu.externaltools.gnu-tools-for-stm32.11.3.rel1.win32_1.1.0.202305231506/tools/bin/../lib/gcc/arm-none-eabi/11.3.1/../../../../arm-none-eabi/lib/thumb/v7-m/nofp\libc_nano.a(libc_a-nano-vfprintf.o)
                0x000000000800daa0                _vfprintf_r
                0x000000000800daa0                _vfiprintf_r
 .text._printf_common
                0x000000000800dcd4       0xe4 C:/ST/STM32CubeIDE_1.10.1/STM32CubeIDE/plugins/com.st.stm32cube.ide.mcu.externaltools.gnu-tools-for-stm32.11.3.rel1.win32_1.1.0.202305231506/tools/bin/../lib/gcc/arm-none-eabi/11.3.1/../../../../arm-none-eabi/lib/thumb/v7-m/nofp\libc_nano.a(libc_a-nano-vfprintf_i.o)
                0x000000000800dcd4                _printf_common
 .text._printf_i
                0x000000000800ddb8      0x244 C:/ST/STM32CubeIDE_1.10.1/STM32CubeIDE/plugins/com.st.stm32cube.ide.mcu.externaltools.gnu-tools-for-stm32.11.3.rel1.win32_1.1.0.202305231506/tools/bin/../lib/gcc/arm-none-eabi/11.3.1/../../../../arm-none-eabi/lib/thumb/v7-m/nofp\libc_nano.a(libc_a-nano-vfprintf_i.o)
                0x000000000800ddb8                _printf_i
 .text.__sflush_r
                0x000000000800dffc      0x104 C:/ST/STM32CubeIDE_1.10.1/STM32CubeIDE/plugins/com.st.stm32cube.ide.mcu.externaltools.gnu-tools-for-stm32.11.3.rel1.win32_1.1.0.202305231506/tools/bin/../lib/gcc/arm-none-eabi/11.3.1/../../../../arm-none-eabi/lib/thumb/v7-m/nofp\libc_nano.a(libc_a-fflush.o)
                0x000000000800dffc                __sflush_r
 .text._fflush_r
                0x000000000800e100       0x50 C:/ST/STM32CubeIDE_1.10.1/STM32CubeIDE/plugins/com.st.stm32cube.ide.mcu.externaltools.gnu-tools-for-stm32.11.3.rel1.win32_1.1.0.202305231506/tools/bin/../lib/gcc/arm-none-eabi/11.3.1/../../../../arm-none-eabi/lib/thumb/v7-m/nofp\libc_nano.a(libc_a-fflush.o)
                0x000000000800e100                _fflush_r
 .text.__swhatbuf_r
                0x000000000800e150       0x4a C:/ST/STM32CubeIDE_1.10.1/STM32CubeIDE/plugins/com.st.stm32cube.ide.mcu.externaltools.gnu-tools-for-stm32.11.3.rel1.win32_1.1.0.202305231506/tools/bin/../lib/gcc/arm-none-eabi/11.3.1/../../../../arm-none-eabi/lib/thumb/v7-m/nofp\libc_nano.a(libc_a-makebuf.o)
                0x000000000800e150                __swhatbuf_r
 .text.__smakebuf_r
                0x000000000800e19a       0x78 C:/ST/STM32CubeIDE_1.10.1/STM32CubeIDE/plugins/com.st.stm32cube.ide.mcu.externaltools.gnu-tools-for-stm32.11.3.rel1.win32_1.1.0.202305231506/tools/bin/../lib/gcc/arm-none-eabi/11.3.1/../../../../arm-none-eabi/lib/thumb/v7-m/nofp\libc_nano.a(libc_a-makebuf.o)
                0x000000000800e19a                __smakebuf_r
 .text.memmove  0x000000000800e212       0x34 C:/ST/STM32CubeIDE_1.10.1/STM32CubeIDE/plugins/com.st.stm32cube.ide.mcu.externaltools.gnu-tools-for-stm32.11.3.rel1.win32_1.1.0.202305231506/tools/bin/../lib/gcc/arm-none-eabi/11.3.1/../../../../arm-none-eabi/lib/thumb/v7-m/nofp\libc_nano.a(libc_a-memmove.o)
                0x000000000800e212                memmove
 *fill*         0x000000000800e246        0x2 
 .text._fstat_r
                0x000000000800e248       0x24 C:/ST/STM32CubeIDE_1.10.1/STM32CubeIDE/plugins/com.st.stm32cube.ide.mcu.externaltools.gnu-tools-for-stm32.11.3.rel1.win32_1.1.0.202305231506/tools/bin/../lib/gcc/arm-none-eabi/11.3.1/../../../../arm-none-eabi/lib/thumb/v7-m/nofp\libc_nano.a(libc_a-fstatr.o)
                0x000000000800e248                _fstat_r
 .text._isatty_r
                0x000000000800e26c       0x20 C:/ST/STM32CubeIDE_1.10.1/STM32CubeIDE/plugins/com.st.stm32cube.ide.mcu.externaltools.gnu-tools-for-stm32.11.3.rel1.win32_1.1.0.202305231506/tools/bin/../lib/gcc/arm-none-eabi/11.3.1/../../../../arm-none-eabi/lib/thumb/v7-m/nofp\libc_nano.a(libc_a-isattyr.o)
                0x000000000800e26c                _isatty_r
 .text.memchr   0x000000000800e28c       0x1c C:/ST/STM32CubeIDE_1.10.1/STM32CubeIDE/plugins/com.st.stm32cube.ide.mcu.externaltools.gnu-tools-for-stm32.11.3.rel1.win32_1.1.0.202305231506/tools/bin/../lib/gcc/arm-none-eabi/11.3.1/../../../../arm-none-eabi/lib/thumb/v7-m/nofp\libc_nano.a(libc_a-memchr-stub.o)
                0x000000000800e28c                memchr
 .text.__assert_func
                0x000000000800e2a8       0x3c C:/ST/STM32CubeIDE_1.10.1/STM32CubeIDE/plugins/com.st.stm32cube.ide.mcu.externaltools.gnu-tools-for-stm32.11.3.rel1.win32_1.1.0.202305231506/tools/bin/../lib/gcc/arm-none-eabi/11.3.1/../../../../arm-none-eabi/lib/thumb/v7-m/nofp\libc_nano.a(libc_a-assert.o)
                0x000000000800e2a8                __assert_func
 .text._calloc_r
                0x000000000800e2e4       0x28 C:/ST/STM32CubeIDE_1.10.1/STM32CubeIDE/plugins/com.st.stm32cube.ide.mcu.externaltools.gnu-tools-for-stm32.11.3.rel1.win32_1.1.0.202305231506/tools/bin/../lib/gcc/arm-none-eabi/11.3.1/../../../../arm-none-eabi/lib/thumb/v7-m/nofp\libc_nano.a(libc_a-callocr.o)
                0x000000000800e2e4                _calloc_r
 .text.fprintf  0x000000000800e30c       0x24 C:/ST/STM32CubeIDE_1.10.1/STM32CubeIDE/plugins/com.st.stm32cube.ide.mcu.externaltools.gnu-tools-for-stm32.11.3.rel1.win32_1.1.0.202305231506/tools/bin/../lib/gcc/arm-none-eabi/11.3.1/../../../../arm-none-eabi/lib/thumb/v7-m/nofp\libc_nano.a(libc_a-fprintf.o)
                0x000000000800e30c                fiprintf
                0x000000000800e30c                fprintf
 .text.abort    0x000000000800e330        0xe C:/ST/STM32CubeIDE_1.10.1/STM32CubeIDE/plugins/com.st.stm32cube.ide.mcu.externaltools.gnu-tools-for-stm32.11.3.rel1.win32_1.1.0.202305231506/tools/bin/../lib/gcc/arm-none-eabi/11.3.1/../../../../arm-none-eabi/lib/thumb/v7-m/nofp\libc_nano.a(libc_a-abort.o)
                0x000000000800e330                abort
 .text._raise_r