../BSP/bsp_mpuiic.c:3:13:Delay_For_Pin	24	static
../BSP/bsp_mpuiic.c:16:6:MPU_IIC_Start	8	static
../BSP/bsp_mpuiic.c:27:6:MPU_IIC_Stop	8	static
../BSP/bsp_mpuiic.c:40:9:MPU_IIC_Wait_Ack	16	static
../BSP/bsp_mpuiic.c:59:6:MPU_IIC_Ack	8	static
../BSP/bsp_mpuiic.c:70:6:MPU_IIC_NAck	8	static
../BSP/bsp_mpuiic.c:84:6:MPU_IIC_Send_Byte	24	static
../BSP/bsp_mpuiic.c:101:9:MPU_IIC_Read_Byte	24	static
../BSP/bsp_mpuiic.c:123:9:MPU_Write_Len	24	static
../BSP/bsp_mpuiic.c:149:9:MPU_Read_Len	16	static
../BSP/bsp_mpuiic.c:177:9:MPU_Write_Byte	16	static
../BSP/bsp_mpuiic.c:199:9:MPU_Read_Byte	24	static
