../BSP/bsp_mpu9250.c:25:16:MPU_Basic_Init	16	static
../BSP/bsp_mpu9250.c:80:9:MPU9250_Init	24	static
../BSP/bsp_mpu9250.c:127:6:MPU_Init_Ok	4	static
../BSP/bsp_mpu9250.c:135:9:MPU_Set_Gyro_Fsr	16	static
../BSP/bsp_mpu9250.c:143:9:MPU_Set_Accel_Fsr	16	static
../BSP/bsp_mpu9250.c:151:9:MPU_Set_LPF	24	static
../BSP/bsp_mpu9250.c:172:9:MPU_Set_Rate	24	static
../BSP/bsp_mpu9250.c:187:9:MPU_Get_Gyroscope	24	static
../BSP/bsp_mpu9250.c:230:9:MPU_Get_Accelerometer	24	static
../BSP/bsp_mpu9250.c:246:9:MPU_Get_Magnetometer	24	static
../BSP/bsp_mpu9250.c:268:6:MPU_Delay_ms	16	static
../BSP/bsp_mpu9250.c:282:7:MPU_Get_Roll_Now	4	static
../BSP/bsp_mpu9250.c:289:7:MPU_Get_Pitch_Now	4	static
../BSP/bsp_mpu9250.c:296:7:MPU_Get_Yaw_Now	4	static
../BSP/bsp_mpu9250.c:305:6:MPU9250_Read_Data_Handle	8	static
../BSP/bsp_mpu9250.c:313:6:MPU9250_Send_Raw_Data	40	static
