../EMPL/inv_mpu.c:450:12:set_int_enable	24	static
../EMPL/inv_mpu.c:485:5:mpu_reg_dump	16	static
../EMPL/inv_mpu.c:508:5:mpu_read_reg	16	static
../EMPL/inv_mpu.c:530:5:mpu_init	16	static
../EMPL/inv_mpu.c:611:5:mpu_lp_accel_mode	24	static
../EMPL/inv_mpu.c:678:5:mpu_get_gyro_reg	24	static
../EMPL/inv_mpu.c:701:5:mpu_get_accel_reg	24	static
../EMPL/inv_mpu.c:724:5:mpu_get_temperature	32	static
../EMPL/inv_mpu.c:749:5:mpu_set_accel_bias	48	static
../EMPL/inv_mpu.c:798:5:mpu_reset_fifo	16	static
../EMPL/inv_mpu.c:864:5:mpu_get_gyro_fsr	16	static
../EMPL/inv_mpu.c:892:5:mpu_set_gyro_fsr	24	static
../EMPL/inv_mpu.c:930:5:mpu_get_accel_fsr	16	static
../EMPL/inv_mpu.c:959:5:mpu_set_accel_fsr	24	static
../EMPL/inv_mpu.c:997:5:mpu_get_lpf	16	static
../EMPL/inv_mpu.c:1034:5:mpu_set_lpf	24	static
../EMPL/inv_mpu.c:1067:5:mpu_get_sample_rate	16	static
../EMPL/inv_mpu.c:1082:5:mpu_set_sample_rate	24	static
../EMPL/inv_mpu.c:1132:5:mpu_get_compass_sample_rate	16	static
../EMPL/inv_mpu.c:1154:5:mpu_set_compass_sample_rate	24	static
../EMPL/inv_mpu.c:1176:5:mpu_get_gyro_sens	16	static
../EMPL/inv_mpu.c:1203:5:mpu_get_accel_sens	16	static
../EMPL/inv_mpu.c:1236:5:mpu_get_fifo_config	16	static
../EMPL/inv_mpu.c:1251:5:mpu_configure_fifo	24	static
../EMPL/inv_mpu.c:1296:5:mpu_get_power_state	16	static
../EMPL/inv_mpu.c:1315:5:mpu_set_sensors	24	static
../EMPL/inv_mpu.c:1395:5:mpu_get_int_status	24	static
../EMPL/inv_mpu.c:1424:5:mpu_read_fifo	48	static
../EMPL/inv_mpu.c:1511:5:mpu_read_fifo_stream	32	static
../EMPL/inv_mpu.c:1552:5:mpu_set_bypass	24	static
../EMPL/inv_mpu.c:1605:5:mpu_set_int_level	16	static
../EMPL/inv_mpu.c:1617:5:mpu_set_int_latched	24	static
../EMPL/inv_mpu.c:1637:12:get_st_biases	256	static
../EMPL/inv_mpu.c:1779:5:mpu_run_self_test	32	static
../EMPL/inv_mpu.c:1838:5:mpu_write_mem	24	static
../EMPL/inv_mpu.c:1871:5:mpu_read_mem	24	static
../EMPL/inv_mpu.c:1903:5:mpu_load_firmware	48	static
../EMPL/inv_mpu.c:1945:5:mpu_set_dmp_state	24	static
../EMPL/inv_mpu.c:1987:5:mpu_get_dmp_state	16	static
../EMPL/inv_mpu.c:1994:5:setup_compass	24	static
../EMPL/inv_mpu.c:2048:5:mpu_get_compass_reg	32	static
../EMPL/inv_mpu.c:2091:5:mpu_get_compass_fsr	16	static
../EMPL/inv_mpu.c:2133:5:mpu_lp_motion_interrupt	32	static
../EMPL/inv_mpu.c:2278:9:run_self_test	48	static
../EMPL/inv_mpu.c:2308:16:inv_orientation_matrix_to_scalar	24	static
../EMPL/inv_mpu.c:2326:16:inv_row_2_scale	24	static
../EMPL/inv_mpu.c:2348:6:mget_ms	16	static
../EMPL/inv_mpu.c:2353:9:mpu_dmp_init	24	static
../EMPL/inv_mpu.c:2392:9:mpu_dmp_get_data	104	static
